Archive member included to satisfy reference by file (symbol)

/home/nielscron/.local/share/stm32cube/bundles/gnu-tools-for-stm32/13.3.1+st.9/bin/../lib/gcc/arm-none-eabi/13.3.1/../../../../arm-none-eabi/lib/thumb/v6-m/nofp/libm.a(libm_a-sf_cos.o)
                              CMakeFiles/nixie_clock_V2.dir/Drivers/ssd1306/ssd1306.c.obj (cosf)
/home/nielscron/.local/share/stm32cube/bundles/gnu-tools-for-stm32/13.3.1+st.9/bin/../lib/gcc/arm-none-eabi/13.3.1/../../../../arm-none-eabi/lib/thumb/v6-m/nofp/libm.a(libm_a-sf_sin.o)
                              CMakeFiles/nixie_clock_V2.dir/Drivers/ssd1306/ssd1306.c.obj (sinf)
/home/nielscron/.local/share/stm32cube/bundles/gnu-tools-for-stm32/13.3.1+st.9/bin/../lib/gcc/arm-none-eabi/13.3.1/../../../../arm-none-eabi/lib/thumb/v6-m/nofp/libm.a(libm_a-kf_cos.o)
                              /home/nielscron/.local/share/stm32cube/bundles/gnu-tools-for-stm32/13.3.1+st.9/bin/../lib/gcc/arm-none-eabi/13.3.1/../../../../arm-none-eabi/lib/thumb/v6-m/nofp/libm.a(libm_a-sf_cos.o) (__kernel_cosf)
/home/nielscron/.local/share/stm32cube/bundles/gnu-tools-for-stm32/13.3.1+st.9/bin/../lib/gcc/arm-none-eabi/13.3.1/../../../../arm-none-eabi/lib/thumb/v6-m/nofp/libm.a(libm_a-kf_sin.o)
                              /home/nielscron/.local/share/stm32cube/bundles/gnu-tools-for-stm32/13.3.1+st.9/bin/../lib/gcc/arm-none-eabi/13.3.1/../../../../arm-none-eabi/lib/thumb/v6-m/nofp/libm.a(libm_a-sf_cos.o) (__kernel_sinf)
/home/nielscron/.local/share/stm32cube/bundles/gnu-tools-for-stm32/13.3.1+st.9/bin/../lib/gcc/arm-none-eabi/13.3.1/../../../../arm-none-eabi/lib/thumb/v6-m/nofp/libm.a(libm_a-ef_rem_pio2.o)
                              /home/nielscron/.local/share/stm32cube/bundles/gnu-tools-for-stm32/13.3.1+st.9/bin/../lib/gcc/arm-none-eabi/13.3.1/../../../../arm-none-eabi/lib/thumb/v6-m/nofp/libm.a(libm_a-sf_cos.o) (__ieee754_rem_pio2f)
/home/nielscron/.local/share/stm32cube/bundles/gnu-tools-for-stm32/13.3.1+st.9/bin/../lib/gcc/arm-none-eabi/13.3.1/../../../../arm-none-eabi/lib/thumb/v6-m/nofp/libm.a(libm_a-sf_fabs.o)
                              /home/nielscron/.local/share/stm32cube/bundles/gnu-tools-for-stm32/13.3.1+st.9/bin/../lib/gcc/arm-none-eabi/13.3.1/../../../../arm-none-eabi/lib/thumb/v6-m/nofp/libm.a(libm_a-ef_rem_pio2.o) (fabsf)
/home/nielscron/.local/share/stm32cube/bundles/gnu-tools-for-stm32/13.3.1+st.9/bin/../lib/gcc/arm-none-eabi/13.3.1/../../../../arm-none-eabi/lib/thumb/v6-m/nofp/libm.a(libm_a-kf_rem_pio2.o)
                              /home/nielscron/.local/share/stm32cube/bundles/gnu-tools-for-stm32/13.3.1+st.9/bin/../lib/gcc/arm-none-eabi/13.3.1/../../../../arm-none-eabi/lib/thumb/v6-m/nofp/libm.a(libm_a-ef_rem_pio2.o) (__kernel_rem_pio2f)
/home/nielscron/.local/share/stm32cube/bundles/gnu-tools-for-stm32/13.3.1+st.9/bin/../lib/gcc/arm-none-eabi/13.3.1/../../../../arm-none-eabi/lib/thumb/v6-m/nofp/libm.a(libm_a-sf_scalbn.o)
                              /home/nielscron/.local/share/stm32cube/bundles/gnu-tools-for-stm32/13.3.1+st.9/bin/../lib/gcc/arm-none-eabi/13.3.1/../../../../arm-none-eabi/lib/thumb/v6-m/nofp/libm.a(libm_a-kf_rem_pio2.o) (scalbnf)
/home/nielscron/.local/share/stm32cube/bundles/gnu-tools-for-stm32/13.3.1+st.9/bin/../lib/gcc/arm-none-eabi/13.3.1/../../../../arm-none-eabi/lib/thumb/v6-m/nofp/libm.a(libm_a-sf_floor.o)
                              /home/nielscron/.local/share/stm32cube/bundles/gnu-tools-for-stm32/13.3.1+st.9/bin/../lib/gcc/arm-none-eabi/13.3.1/../../../../arm-none-eabi/lib/thumb/v6-m/nofp/libm.a(libm_a-kf_rem_pio2.o) (floorf)
/home/nielscron/.local/share/stm32cube/bundles/gnu-tools-for-stm32/13.3.1+st.9/bin/../lib/gcc/arm-none-eabi/13.3.1/thumb/v6-m/nofp/libgcc.a(_udivsi3.o)
                              cmake/stm32cubemx/CMakeFiles/STM32_Drivers.dir/__/__/Core/Src/system_stm32g0xx.c.obj (__aeabi_uidiv)
/home/nielscron/.local/share/stm32cube/bundles/gnu-tools-for-stm32/13.3.1+st.9/bin/../lib/gcc/arm-none-eabi/13.3.1/thumb/v6-m/nofp/libgcc.a(_divsi3.o)
                              CMakeFiles/nixie_clock_V2.dir/Drivers/ssd1306/ssd1306.c.obj (__aeabi_idiv)
/home/nielscron/.local/share/stm32cube/bundles/gnu-tools-for-stm32/13.3.1+st.9/bin/../lib/gcc/arm-none-eabi/13.3.1/thumb/v6-m/nofp/libgcc.a(_dvmd_tls.o)
                              /home/nielscron/.local/share/stm32cube/bundles/gnu-tools-for-stm32/13.3.1+st.9/bin/../lib/gcc/arm-none-eabi/13.3.1/thumb/v6-m/nofp/libgcc.a(_udivsi3.o) (__aeabi_idiv0)
/home/nielscron/.local/share/stm32cube/bundles/gnu-tools-for-stm32/13.3.1+st.9/bin/../lib/gcc/arm-none-eabi/13.3.1/thumb/v6-m/nofp/libgcc.a(_arm_cmpsf2.o)
                              /home/nielscron/.local/share/stm32cube/bundles/gnu-tools-for-stm32/13.3.1+st.9/bin/../lib/gcc/arm-none-eabi/13.3.1/../../../../arm-none-eabi/lib/thumb/v6-m/nofp/libm.a(libm_a-ef_rem_pio2.o) (__aeabi_fcmpeq)
/home/nielscron/.local/share/stm32cube/bundles/gnu-tools-for-stm32/13.3.1+st.9/bin/../lib/gcc/arm-none-eabi/13.3.1/thumb/v6-m/nofp/libgcc.a(addsf3.o)
[...]
Memory Configuration

Name             Origin             Length             Attributes
RAM              0x20000000         0x00004800         xrw
FLASH            0x08000000         0x00010000         xr
*default*        0x00000000         0xffffffff

Linker script and memory map

LOAD /home/nielscron/.local/share/stm32cube/bundles/gnu-tools-for-stm32/13.3.1+st.9/bin/../lib/gcc/arm-none-eabi/13.3.1/thumb/v6-m/nofp/crti.o
LOAD /home/nielscron/.local/share/stm32cube/bundles/gnu-tools-for-stm32/13.3.1+st.9/bin/../lib/gcc/arm-none-eabi/13.3.1/thumb/v6-m/nofp/crtbegin.o
LOAD /home/nielscron/.local/share/stm32cube/bundles/gnu-tools-for-stm32/13.3.1+st.9/bin/../lib/gcc/arm-none-eabi/13.3.1/../../../../arm-none-eabi/lib/thumb/v6-m/nofp/crt0.o
LOAD cmake/stm32cubemx/CMakeFiles/STM32_Drivers.dir/__/__/Core/Src/system_stm32g0xx.c.obj
LOAD cmake/stm32cubemx/CMakeFiles/STM32_Drivers.dir/__/__/Drivers/STM32G0xx_HAL_Driver/Src/stm32g0xx_hal_i2c.c.obj
LOAD cmake/stm32cubemx/CMakeFiles/STM32_Drivers.dir/__/__/Drivers/STM32G0xx_HAL_Driver/Src/stm32g0xx_hal_i2c_ex.c.obj
LOAD cmake/stm32cubemx/CMakeFiles/STM32_Drivers.dir/__/__/Drivers/STM32G0xx_HAL_Driver/Src/stm32g0xx_hal_rcc.c.obj
LOAD cmake/stm32cubemx/CMakeFiles/STM32_Drivers.dir/__/__/Drivers/STM32G0xx_HAL_Driver/Src/stm32g0xx_hal_rcc_ex.c.obj
LOAD cmake/stm32cubemx/CMakeFiles/STM32_Drivers.dir/__/__/Drivers/STM32G0xx_HAL_Driver/Src/stm32g0xx_ll_rcc.c.obj
LOAD cmake/stm32cubemx/CMakeFiles/STM32_Drivers.dir/__/__/Drivers/STM32G0xx_HAL_Driver/Src/stm32g0xx_hal_flash.c.obj
LOAD cmake/stm32cubemx/CMakeFiles/STM32_Drivers.dir/__/__/Drivers/STM32G0xx_HAL_Driver/Src/stm32g0xx_hal_flash_ex.c.obj
LOAD cmake/stm32cubemx/CMakeFiles/STM32_Drivers.dir/__/__/Drivers/STM32G0xx_HAL_Driver/Src/stm32g0xx_hal_gpio.c.obj
LOAD cmake/stm32cubemx/CMakeFiles/STM32_Drivers.dir/__/__/Drivers/STM32G0xx_HAL_Driver/Src/stm32g0xx_hal_dma.c.obj
LOAD cmake/stm32cubemx/CMakeFiles/STM32_Drivers.dir/__/__/Drivers/STM32G0xx_HAL_Driver/Src/stm32g0xx_hal_dma_ex.c.obj
LOAD cmake/stm32cubemx/CMakeFiles/STM32_Drivers.dir/__/__/Drivers/STM32G0xx_HAL_Driver/Src/stm32g0xx_hal_pwr.c.obj
LOAD cmake/stm32cubemx/CMakeFiles/STM32_Drivers.dir/__/__/Drivers/STM32G0xx_HAL_Driver/Src/stm32g0xx_hal_pwr_ex.c.obj
LOAD cmake/stm32cubemx/CMakeFiles/STM32_Drivers.dir/__/__/Drivers/STM32G0xx_HAL_Driver/Src/stm32g0xx_hal_cortex.c.obj
LOAD cmake/stm32cubemx/CMakeFiles/STM32_Drivers.dir/__/__/Drivers/STM32G0xx_HAL_Driver/Src/stm32g0xx_hal.c.obj
LOAD cmake/stm32cubemx/CMakeFiles/STM32_Drivers.dir/__/__/Drivers/STM32G0xx_HAL_Driver/Src/stm32g0xx_hal_exti.c.obj
LOAD cmake/stm32cubemx/CMakeFiles/STM32_Drivers.dir/__/__/Drivers/STM32G0xx_HAL_Driver/Src/stm32g0xx_hal_rtc.c.obj
LOAD cmake/stm32cubemx/CMakeFiles/STM32_Drivers.dir/__/__/Drivers/STM32G0xx_HAL_Driver/Src/stm32g0xx_hal_rtc_ex.c.obj
LOAD cmake/stm32cubemx/CMakeFiles/STM32_Drivers.dir/__/__/Drivers/STM32G0xx_HAL_Driver/Src/stm32g0xx_hal_tim.c.obj
LOAD cmake/stm32cubemx/CMakeFiles/STM32_Drivers.dir/__/__/Drivers/STM32G0xx_HAL_Driver/Src/stm32g0xx_hal_tim_ex.c.obj
LOAD CMakeFiles/nixie_clock_V2.dir/Core/Src/main.c.obj
LOAD CMakeFiles/nixie_clock_V2.dir/Core/Src/stm32g0xx_it.c.obj
LOAD CMakeFiles/nixie_clock_V2.dir/Core/Src/stm32g0xx_hal_msp.c.obj
LOAD CMakeFiles/nixie_clock_V2.dir/Core/Src/sysmem.c.obj
LOAD CMakeFiles/nixie_clock_V2.dir/Core/Src/syscalls.c.obj
LOAD CMakeFiles/nixie_clock_V2.dir/startup_stm32g051xx.s.obj
LOAD CMakeFiles/nixie_clock_V2.dir/Drivers/ssd1306/ssd1306.c.obj
LOAD CMakeFiles/nixie_clock_V2.dir/Drivers/ssd1306/ssd1306_fonts.c.obj
LOAD CMakeFiles/nixie_clock_V2.dir/Drivers/DHT22/dht22.c.obj
LOAD /home/nielscron/.local/share/stm32cube/bundles/gnu-tools-for-stm32/13.3.1+st.9/bin/../lib/gcc/arm-none-eabi/13.3.1/../../../../arm-none-eabi/lib/thumb/v6-m/nofp/libm.a
START GROUP
LOAD /home/nielscron/.local/share/stm32cube/bundles/gnu-tools-for-stm32/13.3.1+st.9/bin/../lib/gcc/arm-none-eabi/13.3.1/thumb/v6-m/nofp/libgcc.a
LOAD /home/nielscron/.local/share/stm32cube/bundles/gnu-tools-for-stm32/13.3.1+st.9/bin/../lib/gcc/arm-none-eabi/13.3.1/../../../../arm-none-eabi/lib/thumb/v6-m/nofp/libg_nano.a
LOAD /home/nielscron/.local/share/stm32cube/bundles/gnu-tools-for-stm32/13.3.1+st.9/bin/../lib/gcc/arm-none-eabi/13.3.1/../../../../arm-none-eabi/lib/thumb/v6-m/nofp/libc_nano.a
END GROUP
START GROUP
LOAD /home/nielscron/.local/share/stm32cube/bundles/gnu-tools-for-stm32/13.3.1+st.9/bin/../lib/gcc/arm-none-eabi/13.3.1/thumb/v6-m/nofp/libgcc.a
LOAD /home/nielscron/.local/share/stm32cube/bundles/gnu-tools-for-stm32/13.3.1+st.9/bin/../lib/gcc/arm-none-eabi/13.3.1/../../../../arm-none-eabi/lib/thumb/v6-m/nofp/libc_nano.a
END GROUP
LOAD /home/nielscron/.local/share/stm32cube/bundles/gnu-tools-for-stm32/13.3.1+st.9/bin/../lib/gcc/arm-none-eabi/13.3.1/thumb/v6-m/nofp/crtend.o
LOAD /home/nielscron/.local/share/stm32cube/bundles/gnu-tools-for-stm32/13.3.1+st.9/bin/../lib/gcc/arm-none-eabi/13.3.1/thumb/v6-m/nofp/crtn.o
                0x20004800                        _estack = (ORIGIN (RAM) + LENGTH (RAM))
                0x00000200                        _Min_Heap_Size = 0x200
                0x00000400                        _Min_Stack_Size = 0x400

.isr_vector     0x08000000       0xb8
                0x08000000                        . = ALIGN (0x4)
 *(.isr_vector)
 .isr_vector    0x08000000       0xb8 CMakeFiles/nixie_clock_V2.dir/startup_stm32g051xx.s.obj
                0x08000000                g_pfnVectors
                0x080000b8                        . = ALIGN (0x4)

.text           0x080000b8     0x5b1c
                0x080000b8                        . = ALIGN (0x4)
 *(.text)
 .text          0x080000b8       0x48 /home/nielscron/.local/share/stm32cube/bundles/gnu-tools-for-stm32/13.3.1+st.9/bin/../lib/gcc/arm-none-eabi/13.3.1/thumb/v6-m/nofp/crtbegin.o
 .text          0x08000100      0x114 /home/nielscron/.local/share/stm32cube/bundles/gnu-tools-for-stm32/13.3.1+st.9/bin/../lib/gcc/arm-none-eabi/13.3.1/thumb/v6-m/nofp/libgcc.a(_udivsi3.o)
                0x08000100                __udivsi3
                0x08000100                __aeabi_uidiv
                0x0800020c                __aeabi_uidivmod
 .text          0x08000214      0x1d4 /home/nielscron/.local/share/stm32cube/bundles/gnu-tools-for-stm32/13.3.1+st.9/bin/../lib/gcc/arm-none-eabi/13.3.1/thumb/v6-m/nofp/libgcc.a(_divsi3.o)
                0x08000214                __aeabi_idiv
                0x08000214                __divsi3
                0x080003e0                __aeabi_idivmod
 .text          0x080003e8        0x4 /home/nielscron/.local/share/stm32cube/bundles/gnu-tools-for-stm32/13.3.1+st.9/bin/../lib/gcc/arm-none-eabi/13.3.1/thumb/v6-m/nofp/libgcc.a(_dvmd_tls.o)
                0x080003e8                __aeabi_ldiv0
                0x080003e8                __aeabi_idiv0
 .text          0x080003ec       0x14 /home/nielscron/.local/share/stm32cube/bundles/gnu-tools-for-stm32/13.3.1+st.9/bin/../lib/gcc/arm-none-eabi/13.3.1/thumb/v6-m/nofp/libgcc.a(_thumb1_case_shi.o)
                0x080003ec                __gnu_thumb1_case_shi
 *(.text*)
 .text.SystemInit
                0x08000400        0xa cmake/stm32cubemx/CMakeFiles/STM32_Drivers.dir/__/__/Core/Src/system_stm32g0xx.c.obj
                0x08000400                SystemInit
 *fill*         0x0800040a        0x2 
 .text.HAL_I2C_Init
                0x0800040c      0x14c cmake/stm32cubemx/CMakeFiles/STM32_Drivers.dir/__/__/Drivers/STM32G0xx_HAL_Driver/Src/stm32g0xx_hal_i2c.c.obj
                0x0800040c                HAL_I2C_Init
 .text.HAL_I2C_Mem_Write
                0x08000558      0x25c cmake/stm32cubemx/CMakeFiles/STM32_Drivers.dir/__/__/Drivers/STM32G0xx_HAL_Driver/Src/stm32g0xx_hal_i2c.c.obj
                0x08000558                HAL_I2C_Mem_Write
 .text.I2C_RequestMemoryWrite
                0x080007b4       0xc8 cmake/stm32cubemx/CMakeFiles/STM32_Drivers.dir/__/__/Drivers/STM32G0xx_HAL_Driver/Src/stm32g0xx_hal_i2c.c.obj
 .text.I2C_Flush_TXDR
                0x0800087c       0x44 cmake/stm32cubemx/CMakeFiles/STM32_Drivers.dir/__/__/Drivers/STM32G0xx_HAL_Driver/Src/stm32g0xx_hal_i2c.c.obj
 .text.I2C_WaitOnFlagUntilTimeout
                0x080008c0       0xb0 cmake/stm32cubemx/CMakeFiles/STM32_Drivers.dir/__/__/Drivers/STM32G0xx_HAL_Driver/Src/stm32g0xx_hal_i2c.c.obj
 .text.I2C_WaitOnTXISFlagUntilTimeout
                0x08000970       0x8c cmake/stm32cubemx/CMakeFiles/STM32_Drivers.dir/__/__/Drivers/STM32G0xx_HAL_Driver/Src/stm32g0xx_hal_i2c.c.obj
 .text.I2C_WaitOnSTOPFlagUntilTimeout
                0x080009fc       0x86 cmake/stm32cubemx/CMakeFiles/STM32_Drivers.dir/__/__/Drivers/STM32G0xx_HAL_Driver/Src/stm32g0xx_hal_i2c.c.obj
 *fill*         0x08000a82        0x2 
 .text.I2C_IsErrorOccurred
                0x08000a84      0x1f0 cmake/stm32cubemx/CMakeFiles/STM32_Drivers.dir/__/__/Drivers/STM32G0xx_HAL_Driver/Src/stm32g0xx_hal_i2c.c.obj
 .text.I2C_TransferConfig
                0x08000c74       0x74 cmake/stm32cubemx/CMakeFiles/STM32_Drivers.dir/__/__/Drivers/STM32G0xx_HAL_Driver/Src/stm32g0xx_hal_i2c.c.obj
 .text.HAL_I2CEx_ConfigAnalogFilter
                0x08000ce8       0x98 cmake/stm32cubemx/CMakeFiles/STM32_Drivers.dir/__/__/Drivers/STM32G0xx_HAL_Driver/Src/stm32g0xx_hal_i2c_ex.c.obj
                0x08000ce8                HAL_I2CEx_ConfigAnalogFilter
 .text.HAL_I2CEx_ConfigDigitalFilter
                0x08000d80       0x98 cmake/stm32cubemx/CMakeFiles/STM32_Drivers.dir/__/__/Drivers/STM32G0xx_HAL_Driver/Src/stm32g0xx_hal_i2c_ex.c.obj
                0x08000d80                HAL_I2CEx_ConfigDigitalFilter
 .text.HAL_RCC_OscConfig
                0x08000e18      0x634 cmake/stm32cubemx/CMakeFiles/STM32_Drivers.dir/__/__/Drivers/STM32G0xx_HAL_Driver/Src/stm32g0xx_hal_rcc.c.obj
                0x08000e18                HAL_RCC_OscConfig
 .text.HAL_RCC_ClockConfig
                0x0800144c      0x210 cmake/stm32cubemx/CMakeFiles/STM32_Drivers.dir/__/__/Drivers/STM32G0xx_HAL_Driver/Src/stm32g0xx_hal_rcc.c.obj
                0x0800144c                HAL_RCC_ClockConfig
 .text.HAL_RCC_GetSysClockFreq
                0x0800165c      0x104 cmake/stm32cubemx/CMakeFiles/STM32_Drivers.dir/__/__/Drivers/STM32G0xx_HAL_Driver/Src/stm32g0xx_hal_rcc.c.obj
                0x0800165c                HAL_RCC_GetSysClockFreq
 .text.HAL_RCCEx_PeriphCLKConfig
                0x08001760      0x330 cmake/stm32cubemx/CMakeFiles/STM32_Drivers.dir/__/__/Drivers/STM32G0xx_HAL_Driver/Src/stm32g0xx_hal_rcc_ex.c.obj
                0x08001760                HAL_RCCEx_PeriphCLKConfig
 .text.HAL_GPIO_Init
                0x08001a90      0x2c8 cmake/stm32cubemx/CMakeFiles/STM32_Drivers.dir/__/__/Drivers/STM32G0xx_HAL_Driver/Src/stm32g0xx_hal_gpio.c.obj
                0x08001a90                HAL_GPIO_Init
 .text.HAL_GPIO_ReadPin
                0x08001d58       0x3a cmake/stm32cubemx/CMakeFiles/STM32_Drivers.dir/__/__/Drivers/STM32G0xx_HAL_Driver/Src/stm32g0xx_hal_gpio.c.obj
                0x08001d58                HAL_GPIO_ReadPin
 .text.HAL_GPIO_WritePin
                0x08001d92       0x3a cmake/stm32cubemx/CMakeFiles/STM32_Drivers.dir/__/__/Drivers/STM32G0xx_HAL_Driver/Src/stm32g0xx_hal_gpio.c.obj
                0x08001d92                HAL_GPIO_WritePin
 .text.HAL_GPIO_EXTI_IRQHandler
                0x08001dcc       0x54 cmake/stm32cubemx/CMakeFiles/STM32_Drivers.dir/__/__/Drivers/STM32G0xx_HAL_Driver/Src/stm32g0xx_hal_gpio.c.obj
                0x08001dcc                HAL_GPIO_EXTI_IRQHandler
 .text.HAL_GPIO_EXTI_Rising_Callback
                0x08001e20       0x14 cmake/stm32cubemx/CMakeFiles/STM32_Drivers.dir/__/__/Drivers/STM32G0xx_HAL_Driver/Src/stm32g0xx_hal_gpio.c.obj
                0x08001e20                HAL_GPIO_EXTI_Rising_Callback
 .text.HAL_PWR_EnableBkUpAccess
                0x08001e34       0x1c cmake/stm32cubemx/CMakeFiles/STM32_Drivers.dir/__/__/Drivers/STM32G0xx_HAL_Driver/Src/stm32g0xx_hal_pwr.c.obj
                0x08001e34                HAL_PWR_EnableBkUpAccess
 .text.HAL_PWREx_ControlVoltageScaling
                0x08001e50       0x80 cmake/stm32cubemx/CMakeFiles/STM32_Drivers.dir/__/__/Drivers/STM32G0xx_HAL_Driver/Src/stm32g0xx_hal_pwr_ex.c.obj
                0x08001e50                HAL_PWREx_ControlVoltageScaling
 .text.__NVIC_EnableIRQ
                0x08001ed0       0x34 cmake/stm32cubemx/CMakeFiles/STM32_Drivers.dir/__/__/Drivers/STM32G0xx_HAL_Driver/Src/stm32g0xx_hal_cortex.c.obj
 .text.__NVIC_SetPriority
                0x08001f04       0xdc cmake/stm32cubemx/CMakeFiles/STM32_Drivers.dir/__/__/Drivers/STM32G0xx_HAL_Driver/Src/stm32g0xx_hal_cortex.c.obj
 .text.SysTick_Config
                0x08001fe0       0x48 cmake/stm32cubemx/CMakeFiles/STM32_Drivers.dir/__/__/Drivers/STM32G0xx_HAL_Driver/Src/stm32g0xx_hal_cortex.c.obj
 .text.HAL_NVIC_SetPriority
                0x08002028       0x2a cmake/stm32cubemx/CMakeFiles/STM32_Drivers.dir/__/__/Drivers/STM32G0xx_HAL_Driver/Src/stm32g0xx_hal_cortex.c.obj
                0x08002028                HAL_NVIC_SetPriority
 .text.HAL_NVIC_EnableIRQ
                0x08002052       0x20 cmake/stm32cubemx/CMakeFiles/STM32_Drivers.dir/__/__/Drivers/STM32G0xx_HAL_Driver/Src/stm32g0xx_hal_cortex.c.obj
                0x08002052                HAL_NVIC_EnableIRQ
 .text.HAL_SYSTICK_Config
                0x08002072       0x1a cmake/stm32cubemx/CMakeFiles/STM32_Drivers.dir/__/__/Drivers/STM32G0xx_HAL_Driver/Src/stm32g0xx_hal_cortex.c.obj
                0x08002072                HAL_SYSTICK_Config
 .text.HAL_Init
                0x0800208c       0x40 cmake/stm32cubemx/CMakeFiles/STM32_Drivers.dir/__/__/Drivers/STM32G0xx_HAL_Driver/Src/stm32g0xx_hal.c.obj
                0x0800208c                HAL_Init
 .text.HAL_InitTick
                0x080020cc       0x94 cmake/stm32cubemx/CMakeFiles/STM32_Drivers.dir/__/__/Drivers/STM32G0xx_HAL_Driver/Src/stm32g0xx_hal.c.obj
                0x080020cc                HAL_InitTick
 .text.HAL_IncTick
                0x08002160       0x24 cmake/stm32cubemx/CMakeFiles/STM32_Drivers.dir/__/__/Drivers/STM32G0xx_HAL_Driver/Src/stm32g0xx_hal.c.obj
                0x08002160                HAL_IncTick
 .text.HAL_GetTick
                0x08002184       0x14 cmake/stm32cubemx/CMakeFiles/STM32_Drivers.dir/__/__/Drivers/STM32G0xx_HAL_Driver/Src/stm32g0xx_hal.c.obj
                0x08002184                HAL_GetTick
 .text.HAL_Delay
                0x08002198       0x48 cmake/stm32cubemx/CMakeFiles/STM32_Drivers.dir/__/__/Drivers/STM32G0xx_HAL_Driver/Src/stm32g0xx_hal.c.obj
                0x08002198                HAL_Delay
 .text.HAL_RTC_Init
                0x080021e0      0x144 cmake/stm32cubemx/CMakeFiles/STM32_Drivers.dir/__/__/Drivers/STM32G0xx_HAL_Driver/Src/stm32g0xx_hal_rtc.c.obj
                0x080021e0                HAL_RTC_Init
 .text.HAL_RTC_SetTime
                0x08002324      0x150 cmake/stm32cubemx/CMakeFiles/STM32_Drivers.dir/__/__/Drivers/STM32G0xx_HAL_Driver/Src/stm32g0xx_hal_rtc.c.obj
                0x08002324                HAL_RTC_SetTime
 .text.HAL_RTC_GetTime
                0x08002474       0xb8 cmake/stm32cubemx/CMakeFiles/STM32_Drivers.dir/__/__/Drivers/STM32G0xx_HAL_Driver/Src/stm32g0xx_hal_rtc.c.obj
                0x08002474                HAL_RTC_GetTime
 .text.HAL_RTC_SetDate
                0x0800252c      0x124 cmake/stm32cubemx/CMakeFiles/STM32_Drivers.dir/__/__/Drivers/STM32G0xx_HAL_Driver/Src/stm32g0xx_hal_rtc.c.obj
                0x0800252c                HAL_RTC_SetDate
 .text.HAL_RTC_GetDate
                0x08002650       0x9c cmake/stm32cubemx/CMakeFiles/STM32_Drivers.dir/__/__/Drivers/STM32G0xx_HAL_Driver/Src/stm32g0xx_hal_rtc.c.obj
                0x08002650                HAL_RTC_GetDate
 .text.HAL_RTC_SetAlarm_IT
                0x080026ec      0x280 cmake/stm32cubemx/CMakeFiles/STM32_Drivers.dir/__/__/Drivers/STM32G0xx_HAL_Driver/Src/stm32g0xx_hal_rtc.c.obj
                0x080026ec                HAL_RTC_SetAlarm_IT
 .text.HAL_RTC_AlarmIRQHandler
                0x0800296c       0x7c cmake/stm32cubemx/CMakeFiles/STM32_Drivers.dir/__/__/Drivers/STM32G0xx_HAL_Driver/Src/stm32g0xx_hal_rtc.c.obj
                0x0800296c                HAL_RTC_AlarmIRQHandler
 .text.HAL_RTC_AlarmAEventCallback
                0x080029e8       0x10 cmake/stm32cubemx/CMakeFiles/STM32_Drivers.dir/__/__/Drivers/STM32G0xx_HAL_Driver/Src/stm32g0xx_hal_rtc.c.obj
                0x080029e8                HAL_RTC_AlarmAEventCallback
 .text.HAL_RTC_WaitForSynchro
                0x080029f8       0x4c cmake/stm32cubemx/CMakeFiles/STM32_Drivers.dir/__/__/Drivers/STM32G0xx_HAL_Driver/Src/stm32g0xx_hal_rtc.c.obj
                0x080029f8                HAL_RTC_WaitForSynchro
 .text.RTC_EnterInitMode
                0x08002a44       0x84 cmake/stm32cubemx/CMakeFiles/STM32_Drivers.dir/__/__/Drivers/STM32G0xx_HAL_Driver/Src/stm32g0xx_hal_rtc.c.obj
                0x08002a44                RTC_EnterInitMode
 .text.RTC_ExitInitMode
                0x08002ac8       0x88 cmake/stm32cubemx/CMakeFiles/STM32_Drivers.dir/__/__/Drivers/STM32G0xx_HAL_Driver/Src/stm32g0xx_hal_rtc.c.obj
                0x08002ac8                RTC_ExitInitMode
 .text.RTC_ByteToBcd2
                0x08002b50       0x50 cmake/stm32cubemx/CMakeFiles/STM32_Drivers.dir/__/__/Drivers/STM32G0xx_HAL_Driver/Src/stm32g0xx_hal_rtc.c.obj
                0x08002b50                RTC_ByteToBcd2
 .text.RTC_Bcd2ToByte
                0x08002ba0       0x3a cmake/stm32cubemx/CMakeFiles/STM32_Drivers.dir/__/__/Drivers/STM32G0xx_HAL_Driver/Src/stm32g0xx_hal_rtc.c.obj
                0x08002ba0                RTC_Bcd2ToByte
 .text.HAL_RTC_DST_Sub1Hour
                0x08002bda       0x3a cmake/stm32cubemx/CMakeFiles/STM32_Drivers.dir/__/__/Drivers/STM32G0xx_HAL_Driver/Src/stm32g0xx_hal_rtc.c.obj
                0x08002bda                HAL_RTC_DST_Sub1Hour
 .text.HAL_RTCEx_SetWakeUpTimer_IT
                0x08002c14      0x134 cmake/stm32cubemx/CMakeFiles/STM32_Drivers.dir/__/__/Drivers/STM32G0xx_HAL_Driver/Src/stm32g0xx_hal_rtc_ex.c.obj
                0x08002c14                HAL_RTCEx_SetWakeUpTimer_IT
 .text.HAL_RTCEx_WakeUpTimerIRQHandler
                0x08002d48       0x3c cmake/stm32cubemx/CMakeFiles/STM32_Drivers.dir/__/__/Drivers/STM32G0xx_HAL_Driver/Src/stm32g0xx_hal_rtc_ex.c.obj
                0x08002d48                HAL_RTCEx_WakeUpTimerIRQHandler
 .text.HAL_RTCEx_SetCalibrationOutPut
                0x08002d84       0x90 cmake/stm32cubemx/CMakeFiles/STM32_Drivers.dir/__/__/Drivers/STM32G0xx_HAL_Driver/Src/stm32g0xx_hal_rtc_ex.c.obj
                0x08002d84                HAL_RTCEx_SetCalibrationOutPut
 .text.HAL_RTCEx_AlarmBEventCallback
                0x08002e14       0x10 cmake/stm32cubemx/CMakeFiles/STM32_Drivers.dir/__/__/Drivers/STM32G0xx_HAL_Driver/Src/stm32g0xx_hal_rtc_ex.c.obj
                0x08002e14                HAL_RTCEx_AlarmBEventCallback
 .text.HAL_RTCEx_BKUPWrite
                0x08002e24       0x3a cmake/stm32cubemx/CMakeFiles/STM32_Drivers.dir/__/__/Drivers/STM32G0xx_HAL_Driver/Src/stm32g0xx_hal_rtc_ex.c.obj
                0x08002e24                HAL_RTCEx_BKUPWrite
 .text.HAL_RTCEx_BKUPRead
                0x08002e5e       0x36 cmake/stm32cubemx/CMakeFiles/STM32_Drivers.dir/__/__/Drivers/STM32G0xx_HAL_Driver/Src/stm32g0xx_hal_rtc_ex.c.obj
                0x08002e5e                HAL_RTCEx_BKUPRead
 .text.HAL_TIM_Base_Init
                0x08002e94       0xb0 cmake/stm32cubemx/CMakeFiles/STM32_Drivers.dir/__/__/Drivers/STM32G0xx_HAL_Driver/Src/stm32g0xx_hal_tim.c.obj
                0x08002e94                HAL_TIM_Base_Init
 .text.HAL_TIM_Base_Start_IT
                0x08002f44       0xb8 cmake/stm32cubemx/CMakeFiles/STM32_Drivers.dir/__/__/Drivers/STM32G0xx_HAL_Driver/Src/stm32g0xx_hal_tim.c.obj
                0x08002f44                HAL_TIM_Base_Start_IT
 .text.HAL_TIM_IRQHandler
                0x08002ffc      0x210 cmake/stm32cubemx/CMakeFiles/STM32_Drivers.dir/__/__/Drivers/STM32G0xx_HAL_Driver/Src/stm32g0xx_hal_tim.c.obj
                0x08002ffc                HAL_TIM_IRQHandler
 .text.HAL_TIM_ConfigClockSource
                0x0800320c      0x1ac cmake/stm32cubemx/CMakeFiles/STM32_Drivers.dir/__/__/Drivers/STM32G0xx_HAL_Driver/Src/stm32g0xx_hal_tim.c.obj
                0x0800320c                HAL_TIM_ConfigClockSource
 .text.HAL_TIM_OC_DelayElapsedCallback
                0x080033b8       0x10 cmake/stm32cubemx/CMakeFiles/STM32_Drivers.dir/__/__/Drivers/STM32G0xx_HAL_Driver/Src/stm32g0xx_hal_tim.c.obj
                0x080033b8                HAL_TIM_OC_DelayElapsedCallback
 .text.HAL_TIM_IC_CaptureCallback
                0x080033c8       0x10 cmake/stm32cubemx/CMakeFiles/STM32_Drivers.dir/__/__/Drivers/STM32G0xx_HAL_Driver/Src/stm32g0xx_hal_tim.c.obj
                0x080033c8                HAL_TIM_IC_CaptureCallback
 .text.HAL_TIM_PWM_PulseFinishedCallback
                0x080033d8       0x10 cmake/stm32cubemx/CMakeFiles/STM32_Drivers.dir/__/__/Drivers/STM32G0xx_HAL_Driver/Src/stm32g0xx_hal_tim.c.obj
                0x080033d8                HAL_TIM_PWM_PulseFinishedCallback
 .text.HAL_TIM_TriggerCallback
                0x080033e8       0x10 cmake/stm32cubemx/CMakeFiles/STM32_Drivers.dir/__/__/Drivers/STM32G0xx_HAL_Driver/Src/stm32g0xx_hal_tim.c.obj
                0x080033e8                HAL_TIM_TriggerCallback
 .text.TIM_Base_SetConfig
                0x080033f8      0x11c cmake/stm32cubemx/CMakeFiles/STM32_Drivers.dir/__/__/Drivers/STM32G0xx_HAL_Driver/Src/stm32g0xx_hal_tim.c.obj
                0x080033f8                TIM_Base_SetConfig
 .text.TIM_TI1_ConfigInputStage
                0x08003514       0x5c cmake/stm32cubemx/CMakeFiles/STM32_Drivers.dir/__/__/Drivers/STM32G0xx_HAL_Driver/Src/stm32g0xx_hal_tim.c.obj
 .text.TIM_TI2_ConfigInputStage
                0x08003570       0x64 cmake/stm32cubemx/CMakeFiles/STM32_Drivers.dir/__/__/Drivers/STM32G0xx_HAL_Driver/Src/stm32g0xx_hal_tim.c.obj
 .text.TIM_ITRx_SetConfig
                0x080035d4       0x38 cmake/stm32cubemx/CMakeFiles/STM32_Drivers.dir/__/__/Drivers/STM32G0xx_HAL_Driver/Src/stm32g0xx_hal_tim.c.obj
 .text.TIM_ETR_SetConfig
                0x0800360c       0x40 cmake/stm32cubemx/CMakeFiles/STM32_Drivers.dir/__/__/Drivers/STM32G0xx_HAL_Driver/Src/stm32g0xx_hal_tim.c.obj
                0x0800360c                TIM_ETR_SetConfig
 .text.HAL_TIMEx_MasterConfigSynchronization
                0x0800364c       0xdc cmake/stm32cubemx/CMakeFiles/STM32_Drivers.dir/__/__/Drivers/STM32G0xx_HAL_Driver/Src/stm32g0xx_hal_tim_ex.c.obj
                0x0800364c                HAL_TIMEx_MasterConfigSynchronization
 .text.HAL_TIMEx_CommutCallback
                0x08003728       0x10 cmake/stm32cubemx/CMakeFiles/STM32_Drivers.dir/__/__/Drivers/STM32G0xx_HAL_Driver/Src/stm32g0xx_hal_tim_ex.c.obj
                0x08003728                HAL_TIMEx_CommutCallback
 .text.HAL_TIMEx_BreakCallback
                0x08003738       0x10 cmake/stm32cubemx/CMakeFiles/STM32_Drivers.dir/__/__/Drivers/STM32G0xx_HAL_Driver/Src/stm32g0xx_hal_tim_ex.c.obj
                0x08003738                HAL_TIMEx_BreakCallback
 .text.HAL_TIMEx_Break2Callback
                0x08003748       0x10 cmake/stm32cubemx/CMakeFiles/STM32_Drivers.dir/__/__/Drivers/STM32G0xx_HAL_Driver/Src/stm32g0xx_hal_tim_ex.c.obj
                0x08003748                HAL_TIMEx_Break2Callback
 .text.main     0x08003758      0x348 CMakeFiles/nixie_clock_V2.dir/Core/Src/main.c.obj
                0x08003758                main
 .text.SystemClock_Config
                0x08003aa0       0xd8 CMakeFiles/nixie_clock_V2.dir/Core/Src/main.c.obj
                0x08003aa0                SystemClock_Config
 .text.MX_I2C1_Init
                0x08003b78       0x80 CMakeFiles/nixie_clock_V2.dir/Core/Src/main.c.obj
 .text.MX_RTC_Init
                0x08003bf8       0xf4 CMakeFiles/nixie_clock_V2.dir/Core/Src/main.c.obj
 .text.MX_TIM1_Init
                0x08003cec       0xb8 CMakeFiles/nixie_clock_V2.dir/Core/Src/main.c.obj
 .text.MX_GPIO_Init
                0x08003da4      0x1a4 CMakeFiles/nixie_clock_V2.dir/Core/Src/main.c.obj
 .text.check_if_addon
                0x08003f48       0x30 CMakeFiles/nixie_clock_V2.dir/Core/Src/main.c.obj
                0x08003f48                check_if_addon
 .text.setTime  0x08003f78       0x78 CMakeFiles/nixie_clock_V2.dir/Core/Src/main.c.obj
                0x08003f78                setTime
 .text.setDate  0x08003ff0       0x80 CMakeFiles/nixie_clock_V2.dir/Core/Src/main.c.obj
                0x08003ff0                setDate
 .text.getTimeDate
                0x08004070       0xf0 CMakeFiles/nixie_clock_V2.dir/Core/Src/main.c.obj
                0x08004070                getTimeDate
 .text.ssd1306_writeTimeDate
                0x08004160       0x54 CMakeFiles/nixie_clock_V2.dir/Core/Src/main.c.obj
                0x08004160                ssd1306_writeTimeDate
 .text.ssd1306_writeTime
                0x080041b4       0x34 CMakeFiles/nixie_clock_V2.dir/Core/Src/main.c.obj
                0x080041b4                ssd1306_writeTime
 .text.ssd1306_writeDate
                0x080041e8       0x34 CMakeFiles/nixie_clock_V2.dir/Core/Src/main.c.obj
                0x080041e8                ssd1306_writeDate
 .text.ssd1306_writeMisc
                0x0800421c       0x34 CMakeFiles/nixie_clock_V2.dir/Core/Src/main.c.obj
                0x0800421c                ssd1306_writeMisc
 .text.set_tube_numbers
                0x08004250       0x82 CMakeFiles/nixie_clock_V2.dir/Core/Src/main.c.obj
                0x08004250                set_tube_numbers
 .text.combine_4bit_numbers
                0x080042d2      0x24e CMakeFiles/nixie_clock_V2.dir/Core/Src/main.c.obj
                0x080042d2                combine_4bit_numbers
 .text.output_to_tubes
                0x08004520       0x20 CMakeFiles/nixie_clock_V2.dir/Core/Src/main.c.obj
                0x08004520                output_to_tubes
 .text.menu1    0x08004540       0x4c CMakeFiles/nixie_clock_V2.dir/Core/Src/main.c.obj
                0x08004540                menu1
 .text.menu_startStop
                0x0800458c        0xa CMakeFiles/nixie_clock_V2.dir/Core/Src/main.c.obj
                0x0800458c                menu_startStop
 .text.menu_timeSet
                0x08004596        0xa CMakeFiles/nixie_clock_V2.dir/Core/Src/main.c.obj
                0x08004596                menu_timeSet
 .text.menu_timeout
                0x080045a0       0x9c CMakeFiles/nixie_clock_V2.dir/Core/Src/main.c.obj
                0x080045a0                menu_timeout
 .text.output_blink_front_leds
                0x0800463c       0x74 CMakeFiles/nixie_clock_V2.dir/Core/Src/main.c.obj
                0x0800463c                output_blink_front_leds
 .text.output_front_led
                0x080046b0       0x62 CMakeFiles/nixie_clock_V2.dir/Core/Src/main.c.obj
                0x080046b0                output_front_led
 *fill*         0x08004712        0x2 
 .text.HAL_TIM_PeriodElapsedCallback
                0x08004714       0x28 CMakeFiles/nixie_clock_V2.dir/Core/Src/main.c.obj
                0x08004714                HAL_TIM_PeriodElapsedCallback
 .text.HAL_RTCEx_WakeUpTimerEventCallback
                0x0800473c       0x1c CMakeFiles/nixie_clock_V2.dir/Core/Src/main.c.obj
                0x0800473c                HAL_RTCEx_WakeUpTimerEventCallback
 .text.HAL_GPIO_EXTI_Falling_Callback
                0x08004758       0x84 CMakeFiles/nixie_clock_V2.dir/Core/Src/main.c.obj
                0x08004758                HAL_GPIO_EXTI_Falling_Callback
 .text.Error_Handler
                0x080047dc        0xc CMakeFiles/nixie_clock_V2.dir/Core/Src/main.c.obj
                0x080047dc                Error_Handler
 .text.NMI_Handler
                0x080047e8        0x8 CMakeFiles/nixie_clock_V2.dir/Core/Src/stm32g0xx_it.c.obj
                0x080047e8                NMI_Handler
 .text.HardFault_Handler
                0x080047f0        0x8 CMakeFiles/nixie_clock_V2.dir/Core/Src/stm32g0xx_it.c.obj
                0x080047f0                HardFault_Handler
 .text.SVC_Handler
                0x080047f8        0xa CMakeFiles/nixie_clock_V2.dir/Core/Src/stm32g0xx_it.c.obj
                0x080047f8                SVC_Handler
 .text.PendSV_Handler
                0x08004802        0xa CMakeFiles/nixie_clock_V2.dir/Core/Src/stm32g0xx_it.c.obj
                0x08004802                PendSV_Handler
 .text.SysTick_Handler
                0x0800480c        0xe CMakeFiles/nixie_clock_V2.dir/Core/Src/stm32g0xx_it.c.obj
                0x0800480c                SysTick_Handler
 *fill*         0x0800481a        0x2 
 .text.RTC_TAMP_IRQHandler
                0x0800481c       0x20 CMakeFiles/nixie_clock_V2.dir/Core/Src/stm32g0xx_it.c.obj
                0x0800481c                RTC_TAMP_IRQHandler
 .text.EXTI4_15_IRQHandler
                0x0800483c       0x1c CMakeFiles/nixie_clock_V2.dir/Core/Src/stm32g0xx_it.c.obj
                0x0800483c                EXTI4_15_IRQHandler
 .text.TIM1_BRK_UP_TRG_COM_IRQHandler
                0x08004858       0x18 CMakeFiles/nixie_clock_V2.dir/Core/Src/stm32g0xx_it.c.obj
                0x08004858                TIM1_BRK_UP_TRG_COM_IRQHandler
 .text.HAL_MspInit
                0x08004870       0x48 CMakeFiles/nixie_clock_V2.dir/Core/Src/stm32g0xx_hal_msp.c.obj
                0x08004870                HAL_MspInit
 .text.HAL_I2C_MspInit
                0x080048b8       0xc4 CMakeFiles/nixie_clock_V2.dir/Core/Src/stm32g0xx_hal_msp.c.obj
                0x080048b8                HAL_I2C_MspInit
 .text.HAL_RTC_MspInit
                0x0800497c       0x8c CMakeFiles/nixie_clock_V2.dir/Core/Src/stm32g0xx_hal_msp.c.obj
                0x0800497c                HAL_RTC_MspInit
 .text.HAL_TIM_Base_MspInit
                0x08004a08       0x7c CMakeFiles/nixie_clock_V2.dir/Core/Src/stm32g0xx_hal_msp.c.obj
                0x08004a08                HAL_TIM_Base_MspInit
 .text._sbrk    0x08004a84       0x6c CMakeFiles/nixie_clock_V2.dir/Core/Src/sysmem.c.obj
                0x08004a84                _sbrk
 .text.Reset_Handler
                0x08004af0       0x50 CMakeFiles/nixie_clock_V2.dir/startup_stm32g051xx.s.obj
                0x08004af0                Reset_Handler
 .text.Default_Handler
                0x08004b40        0x2 CMakeFiles/nixie_clock_V2.dir/startup_stm32g051xx.s.obj
                0x08004b40                TIM1_CC_IRQHandler
                0x08004b40                ADC1_COMP_IRQHandler
                0x08004b40                PVD_IRQHandler
                0x08004b40                I2C1_IRQHandler
                0x08004b40                TIM7_LPTIM2_IRQHandler
                0x08004b40                SPI1_IRQHandler
                0x08004b40                EXTI2_3_IRQHandler
                0x08004b40                I2C2_IRQHandler
                0x08004b40                TIM17_IRQHandler
                0x08004b40                TIM16_IRQHandler
                0x08004b40                TIM3_IRQHandler
                0x08004b40                RCC_IRQHandler
                0x08004b40                DMA1_Channel1_IRQHandler
                0x08004b40                Default_Handler
                0x08004b40                TIM14_IRQHandler
                0x08004b40                TIM15_IRQHandler
                0x08004b40                EXTI0_1_IRQHandler
                0x08004b40                SPI2_IRQHandler
                0x08004b40                TIM6_DAC_LPTIM1_IRQHandler
                0x08004b40                WWDG_IRQHandler
                0x08004b40                LPUART1_IRQHandler
                0x08004b40                TIM2_IRQHandler
                0x08004b40                DMA1_Ch4_7_DMAMUX1_OVR_IRQHandler
                0x08004b40                DMA1_Channel2_3_IRQHandler
                0x08004b40                USART2_IRQHandler
                0x08004b40                FLASH_IRQHandler
                0x08004b40                USART1_IRQHandler
 .text.ssd1306_Reset
                0x08004b42        0xa CMakeFiles/nixie_clock_V2.dir/Drivers/ssd1306/ssd1306.c.obj
                0x08004b42                ssd1306_Reset
 .text.ssd1306_WriteCommand
                0x08004b4c       0x34 CMakeFiles/nixie_clock_V2.dir/Drivers/ssd1306/ssd1306.c.obj
                0x08004b4c                ssd1306_WriteCommand
 .text.ssd1306_WriteData
                0x08004b80       0x34 CMakeFiles/nixie_clock_V2.dir/Drivers/ssd1306/ssd1306.c.obj
                0x08004b80                ssd1306_WriteData
 .text.ssd1306_Init
                0x08004bb4       0xd8 CMakeFiles/nixie_clock_V2.dir/Drivers/ssd1306/ssd1306.c.obj
                0x08004bb4                ssd1306_Init
 .text.ssd1306_Fill
                0x08004c8c       0x34 CMakeFiles/nixie_clock_V2.dir/Drivers/ssd1306/ssd1306.c.obj
                0x08004c8c                ssd1306_Fill
 .text.ssd1306_UpdateScreen
                0x08004cc0       0x5c CMakeFiles/nixie_clock_V2.dir/Drivers/ssd1306/ssd1306.c.obj
                0x08004cc0                ssd1306_UpdateScreen
 .text.ssd1306_DrawPixel
                0x08004d1c       0xc4 CMakeFiles/nixie_clock_V2.dir/Drivers/ssd1306/ssd1306.c.obj
                0x08004d1c                ssd1306_DrawPixel
 .text.ssd1306_WriteChar
                0x08004de0      0x154 CMakeFiles/nixie_clock_V2.dir/Drivers/ssd1306/ssd1306.c.obj
                0x08004de0                ssd1306_WriteChar
 .text.ssd1306_WriteString
                0x08004f34       0x56 CMakeFiles/nixie_clock_V2.dir/Drivers/ssd1306/ssd1306.c.obj
                0x08004f34                ssd1306_WriteString
 *fill*         0x08004f8a        0x2 
 .text.ssd1306_SetCursor
                0x08004f8c       0x34 CMakeFiles/nixie_clock_V2.dir/Drivers/ssd1306/ssd1306.c.obj
                0x08004f8c                ssd1306_SetCursor
 .text.ssd1306_SetContrast
                0x08004fc0       0x30 CMakeFiles/nixie_clock_V2.dir/Drivers/ssd1306/ssd1306.c.obj
                0x08004fc0                ssd1306_SetContrast
 .text.ssd1306_SetDisplayOn
                0x08004ff0       0x4c CMakeFiles/nixie_clock_V2.dir/Drivers/ssd1306/ssd1306.c.obj
                0x08004ff0                ssd1306_SetDisplayOn
 .text.DHT22_Start
                0x0800503c       0x82 CMakeFiles/nixie_clock_V2.dir/Drivers/DHT22/dht22.c.obj
                0x0800503c                DHT22_Start
 .text.DHT22_ReadByte
                0x080050be       0x88 CMakeFiles/nixie_clock_V2.dir/Drivers/DHT22/dht22.c.obj
                0x080050be                DHT22_ReadByte
 .text.DHT22_ReadData
                0x08005146      0x138 CMakeFiles/nixie_clock_V2.dir/Drivers/DHT22/dht22.c.obj
                0x08005146                DHT22_ReadData
 *fill*         0x0800527e        0x2 
 .text.sprintf  0x08005280       0x44 /home/nielscron/.local/share/stm32cube/bundles/gnu-tools-for-stm32/13.3.1+st.9/bin/../lib/gcc/arm-none-eabi/13.3.1/../../../../arm-none-eabi/lib/thumb/v6-m/nofp/libg_nano.a(libc_a-sprintf.o)
                0x08005280                sprintf
                0x08005280                siprintf
 .text.memset   0x080052c4       0x10 /home/nielscron/.local/share/stm32cube/bundles/gnu-tools-for-stm32/13.3.1+st.9/bin/../lib/gcc/arm-none-eabi/13.3.1/../../../../arm-none-eabi/lib/thumb/v6-m/nofp/libg_nano.a(libc_a-memset.o)
                0x080052c4                memset
 .text.__errno  0x080052d4        0xc /home/nielscron/.local/share/stm32cube/bundles/gnu-tools-for-stm32/13.3.1+st.9/bin/../lib/gcc/arm-none-eabi/13.3.1/../../../../arm-none-eabi/lib/thumb/v6-m/nofp/libg_nano.a(libc_a-errno.o)
                0x080052d4                __errno
 .text.__libc_init_array
                0x080052e0       0x48 /home/nielscron/.local/share/stm32cube/bundles/gnu-tools-for-stm32/13.3.1+st.9/bin/../lib/gcc/arm-none-eabi/13.3.1/../../../../arm-none-eabi/lib/thumb/v6-m/nofp/libg_nano.a(libc_a-init.o)
                0x080052e0                __libc_init_array
 .text.__retarget_lock_acquire_recursive
                0x08005328        0x2 /home/nielscron/.local/share/stm32cube/bundles/gnu-tools-for-stm32/13.3.1+st.9/bin/../lib/gcc/arm-none-eabi/13.3.1/../../../../arm-none-eabi/lib/thumb/v6-m/nofp/libg_nano.a(libc_a-lock.o)
                0x08005328                __retarget_lock_acquire_recursive
 .text.__retarget_lock_release_recursive
                0x0800532a        0x2 /home/nielscron/.local/share/stm32cube/bundles/gnu-tools-for-stm32/13.3.1+st.9/bin/../lib/gcc/arm-none-eabi/13.3.1/../../../../arm-none-eabi/lib/thumb/v6-m/nofp/libg_nano.a(libc_a-lock.o)
                0x0800532a                __retarget_lock_release_recursive
 .text.memcpy   0x0800532c       0x12 /home/nielscron/.local/share/stm32cube/bundles/gnu-tools-for-stm32/13.3.1+st.9/bin/../lib/gcc/arm-none-eabi/13.3.1/../../../../arm-none-eabi/lib/thumb/v6-m/nofp/libg_nano.a(libc_a-memcpy-stub.o)
                0x0800532c                memcpy
 *fill*         0x0800533e        0x2 
 .text._free_r  0x08005340       0x94 /home/nielscron/.local/share/stm32cube/bundles/gnu-tools-for-stm32/13.3.1+st.9/bin/../lib/gcc/arm-none-eabi/13.3.1/../../../../arm-none-eabi/lib/thumb/v6-m/nofp/libg_nano.a(libc_a-freer.o)
                0x08005340                _free_r
 .text.sbrk_aligned
                0x080053d4       0x44 /home/nielscron/.local/share/stm32cube/bundles/gnu-tools-for-stm32/13.3.1+st.9/bin/../lib/gcc/arm-none-eabi/13.3.1/../../../../arm-none-eabi/lib/thumb/v6-m/nofp/libg_nano.a(libc_a-mallocr.o)
 .text._malloc_r
                0x08005418      0x100 /home/nielscron/.local/share/stm32cube/bundles/gnu-tools-for-stm32/13.3.1+st.9/bin/../lib/gcc/arm-none-eabi/13.3.1/../../../../arm-none-eabi/lib/thumb/v6-m/nofp/libg_nano.a(libc_a-mallocr.o)
                0x08005418                _malloc_r
 .text.__malloc_lock
                0x08005518       0x10 /home/nielscron/.local/share/stm32cube/bundles/gnu-tools-for-stm32/13.3.1+st.9/bin/../lib/gcc/arm-none-eabi/13.3.1/../../../../arm-none-eabi/lib/thumb/v6-m/nofp/libg_nano.a(libc_a-mlock.o)
                0x08005518                __malloc_lock
 .text.__malloc_unlock
                0x08005528       0x10 /home/nielscron/.local/share/stm32cube/bundles/gnu-tools-for-stm32/13.3.1+st.9/bin/../lib/gcc/arm-none-eabi/13.3.1/../../../../arm-none-eabi/lib/thumb/v6-m/nofp/libg_nano.a(libc_a-mlock.o)
                0x08005528                __malloc_unlock
 .text.__ssputs_r
                0x08005538       0xc0 /home/nielscron/.local/share/stm32cube/bundles/gnu-tools-for-stm32/13.3.1+st.9/bin/../lib/gcc/arm-none-eabi/13.3.1/../../../../arm-none-eabi/lib/thumb/v6-m/nofp/libg_nano.a(libc_a-nano-svfprintf.o)
                0x08005538                __ssputs_r
 .text._svfprintf_r
                0x080055f8      0x1fc /home/nielscron/.local/share/stm32cube/bundles/gnu-tools-for-stm32/13.3.1+st.9/bin/../lib/gcc/arm-none-eabi/13.3.1/../../../../arm-none-eabi/lib/thumb/v6-m/nofp/libg_nano.a(libc_a-nano-svfprintf.o)
                0x080055f8                _svfprintf_r
                0x080055f8                _svfiprintf_r
 .text._printf_common
                0x080057f4       0xde /home/nielscron/.local/share/stm32cube/bundles/gnu-tools-for-stm32/13.3.1+st.9/bin/../lib/gcc/arm-none-eabi/13.3.1/../../../../arm-none-eabi/lib/thumb/v6-m/nofp/libg_nano.a(libc_a-nano-vfprintf_i.o)
                0x080057f4                _printf_common
 *fill*         0x080058d2        0x2 
 .text._printf_i
                0x080058d4      0x218 /home/nielscron/.local/share/stm32cube/bundles/gnu-tools-for-stm32/13.3.1+st.9/bin/../lib/gcc/arm-none-eabi/13.3.1/../../../../arm-none-eabi/lib/thumb/v6-m/nofp/libg_nano.a(libc_a-nano-vfprintf_i.o)
                0x080058d4                _printf_i
 .text.memmove  0x08005aec       0x24 /home/nielscron/.local/share/stm32cube/bundles/gnu-tools-for-stm32/13.3.1+st.9/bin/../lib/gcc/arm-none-eabi/13.3.1/../../../../arm-none-eabi/lib/thumb/v6-m/nofp/libg_nano.a(libc_a-memmove.o)
                0x08005aec                memmove
 .text._sbrk_r  0x08005b10       0x24 /home/nielscron/.local/share/stm32cube/bundles/gnu-tools-for-stm32/13.3.1+st.9/bin/../lib/gcc/arm-none-eabi/13.3.1/../../../../arm-none-eabi/lib/thumb/v6-m/nofp/libg_nano.a(libc_a-sbrkr.o)
                0x08005b10                _sbrk_r
 .text.memchr   0x08005b34       0x16 /home/nielscron/.local/share/stm32cube/bundles/gnu-tools-for-stm32/13.3.1+st.9/bin/../lib/gcc/arm-none-eabi/13.3.1/../../../../arm-none-eabi/lib/thumb/v6-m/nofp/libg_nano.a(libc_a-memchr-stub.o)
                0x08005b34                memchr
 .text._realloc_r
                0x08005b4a       0x60 /home/nielscron/.local/share/stm32cube/bundles/gnu-tools-for-stm32/13.3.1+st.9/bin/../lib/gcc/arm-none-eabi/13.3.1/../../../../arm-none-eabi/lib/thumb/v6-m/nofp/libg_nano.a(libc_a-reallocr.o)
                0x08005b4a                _realloc_r
 .text._malloc_usable_size_r
                0x08005baa       0x10 /home/nielscron/.local/share/stm32cube/bundles/gnu-tools-for-stm32/13.3.1+st.9/bin/../lib/gcc/arm-none-eabi/13.3.1/../../../../arm-none-eabi/lib/thumb/v6-m/nofp/libg_nano.a(libc_a-msizer.o)
                0x08005baa                _malloc_usable_size_r
 *(.glue_7)
 .glue_7        0x08005bba        0x0 linker stubs
 *(.glue_7t)
 .glue_7t       0x08005bba        0x0 linker stubs
 *(.eh_frame)
 *fill*         0x08005bba        0x2 
 .eh_frame      0x08005bbc        0x0 /home/nielscron/.local/share/stm32cube/bundles/gnu-tools-for-stm32/13.3.1+st.9/bin/../lib/gcc/arm-none-eabi/13.3.1/thumb/v6-m/nofp/crtbegin.o
 *(.init)
 .init          0x08005bbc        0x4 /home/nielscron/.local/share/stm32cube/bundles/gnu-tools-for-stm32/13.3.1+st.9/bin/../lib/gcc/arm-none-eabi/13.3.1/thumb/v6-m/nofp/crti.o
                0x08005bbc                _init
 .init          0x08005bc0        0x8 /home/nielscron/.local/share/stm32cube/bundles/gnu-tools-for-stm32/13.3.1+st.9/bin/../lib/gcc/arm-none-eabi/13.3.1/thumb/v6-m/nofp/crtn.o
 *(.fini)
 .fini          0x08005bc8        0x4 /home/nielscron/.local/share/stm32cube/bundles/gnu-tools-for-stm32/13.3.1+st.9/bin/../lib/gcc/arm-none-eabi/13.3.1/thumb/v6-m/nofp/crti.o
                0x08005bc8                _fini
 .fini          0x08005bcc        0x8 /home/nielscron/.local/share/stm32cube/bundles/gnu-tools-for-stm32/13.3.1+st.9/bin/../lib/gcc/arm-none-eabi/13.3.1/thumb/v6-m/nofp/crtn.o
                0x08005bd4                        . = ALIGN (0x4)
                0x08005bd4                        _etext = .

.vfp11_veneer   0x08005bd4        0x0
 .vfp11_veneer  0x08005bd4        0x0 linker stubs

.v4_bx          0x08005bd4        0x0
 .v4_bx         0x08005bd4        0x0 linker stubs

.iplt           0x08005bd4        0x0
 .iplt          0x08005bd4        0x0 /home/nielscron/.local/share/stm32cube/bundles/gnu-tools-for-stm32/13.3.1+st.9/bin/../lib/gcc/arm-none-eabi/13.3.1/thumb/v6-m/nofp/crtbegin.o

.rodata         0x08005bd4      0x844
                0x08005bd4                        . = ALIGN (0x4)
 *(.rodata)
 .rodata        0x08005bd4       0x56 CMakeFiles/nixie_clock_V2.dir/Core/Src/main.c.obj
 *(.rodata*)
 *fill*         0x08005c2a        0x2 
 .rodata.AHBPrescTable
                0x08005c2c       0x40 cmake/stm32cubemx/CMakeFiles/STM32_Drivers.dir/__/__/Core/Src/system_stm32g0xx.c.obj
                0x08005c2c                AHBPrescTable
 .rodata.Font7x10
                0x08005c6c      0x76c CMakeFiles/nixie_clock_V2.dir/Drivers/ssd1306/ssd1306_fonts.c.obj
 .rodata.Font_7x10
                0x080063d8        0xc CMakeFiles/nixie_clock_V2.dir/Drivers/ssd1306/ssd1306_fonts.c.obj
                0x080063d8                Font_7x10
 .rodata._svfprintf_r.str1.1
                0x080063e4       0x33 /home/nielscron/.local/share/stm32cube/bundles/gnu-tools-for-stm32/13.3.1+st.9/bin/../lib/gcc/arm-none-eabi/13.3.1/../../../../arm-none-eabi/lib/thumb/v6-m/nofp/libg_nano.a(libc_a-nano-svfprintf.o)
                                 0x11 (size before relaxing)
 .rodata._printf_i.str1.1
                0x08006417        0x0 /home/nielscron/.local/share/stm32cube/bundles/gnu-tools-for-stm32/13.3.1+st.9/bin/../lib/gcc/arm-none-eabi/13.3.1/../../../../arm-none-eabi/lib/thumb/v6-m/nofp/libg_nano.a(libc_a-nano-vfprintf_i.o)
                                 0x22 (size before relaxing)
                0x08006418                        . = ALIGN (0x4)
 *fill*         0x08006417        0x1 

.ARM.extab      0x08006418        0x0
                0x08006418                        . = ALIGN (0x4)
 *(.ARM.extab* .gnu.linkonce.armextab.*)
                0x08006418                        . = ALIGN (0x4)

.ARM            0x08006418        0x0
                0x08006418                        . = ALIGN (0x4)
                0x08006418                        __exidx_start = .
 *(.ARM.exidx*)
                0x08006418                        __exidx_end = .
                0x08006418                        . = ALIGN (0x4)

.preinit_array  0x08006418        0x0
                0x08006418                        . = ALIGN (0x4)
                0x08006418                        PROVIDE (__preinit_array_start = .)
 *(.preinit_array*)
                0x08006418                        PROVIDE (__preinit_array_end = .)
                0x08006418                        . = ALIGN (0x4)

.init_array     0x08006418        0x4
                0x08006418                        . = ALIGN (0x4)
                0x08006418                        PROVIDE (__init_array_start = .)
 *(SORT_BY_NAME(.init_array.*))
 *(.init_array*)
 .init_array    0x08006418        0x4 /home/nielscron/.local/share/stm32cube/bundles/gnu-tools-for-stm32/13.3.1+st.9/bin/../lib/gcc/arm-none-eabi/13.3.1/thumb/v6-m/nofp/crtbegin.o
                0x0800641c                        PROVIDE (__init_array_end = .)
                0x0800641c                        . = ALIGN (0x4)

.fini_array     0x0800641c        0x4
                0x0800641c                        . = ALIGN (0x4)
                [!provide]                        PROVIDE (__fini_array_start = .)
 *(SORT_BY_NAME(.fini_array.*))
 *(.fini_array*)
 .fini_array    0x0800641c        0x4 /home/nielscron/.local/share/stm32cube/bundles/gnu-tools-for-stm32/13.3.1+st.9/bin/../lib/gcc/arm-none-eabi/13.3.1/thumb/v6-m/nofp/crtbegin.o
                [!provide]                        PROVIDE (__fini_array_end = .)
                0x08006420                        . = ALIGN (0x4)
                0x08006420                        _sidata = LOADADDR (.data)

.rel.dyn        0x08006420        0x0
 .rel.iplt      0x08006420        0x0 /home/nielscron/.local/share/stm32cube/bundles/gnu-tools-for-stm32/13.3.1+st.9/bin/../lib/gcc/arm-none-eabi/13.3.1/thumb/v6-m/nofp/crtbegin.o

.data           0x20000000       0x5c load address 0x08006420
                0x20000000                        . = ALIGN (0x4)
                0x20000000                        _sdata = .
 *(.data)
 *(.data*)
 .data.SystemCoreClock
                0x20000000        0x4 cmake/stm32cubemx/CMakeFiles/STM32_Drivers.dir/__/__/Core/Src/system_stm32g0xx.c.obj
                0x20000000                SystemCoreClock
 .data.uwTickPrio
                0x20000004        0x4 cmake/stm32cubemx/CMakeFiles/STM32_Drivers.dir/__/__/Drivers/STM32G0xx_HAL_Driver/Src/stm32g0xx_hal.c.obj
                0x20000004                uwTickPrio
 .data.uwTickFreq
                0x20000008        0x1 cmake/stm32cubemx/CMakeFiles/STM32_Drivers.dir/__/__/Drivers/STM32G0xx_HAL_Driver/Src/stm32g0xx_hal.c.obj
                0x20000008                uwTickFreq
 .data.id_read  0x20000009        0x1 CMakeFiles/nixie_clock_V2.dir/Core/Src/main.c.obj
                0x20000009                id_read
 *fill*         0x2000000a        0x2 
 .data._impure_ptr
                0x2000000c        0x4 /home/nielscron/.local/share/stm32cube/bundles/gnu-tools-for-stm32/13.3.1+st.9/bin/../lib/gcc/arm-none-eabi/13.3.1/../../../../arm-none-eabi/lib/thumb/v6-m/nofp/libg_nano.a(libc_a-impure.o)
                0x2000000c                _impure_ptr
 .data._impure_data
                0x20000010       0x4c /home/nielscron/.local/share/stm32cube/bundles/gnu-tools-for-stm32/13.3.1+st.9/bin/../lib/gcc/arm-none-eabi/13.3.1/../../../../arm-none-eabi/lib/thumb/v6-m/nofp/libg_nano.a(libc_a-impure.o)
                0x20000010                _impure_data
 *(.RamFunc)
 *(.RamFunc*)
                0x2000005c                        . = ALIGN (0x4)

.igot.plt       0x2000005c        0x0 load address 0x0800647c
 .igot.plt      0x2000005c        0x0 /home/nielscron/.local/share/stm32cube/bundles/gnu-tools-for-stm32/13.3.1+st.9/bin/../lib/gcc/arm-none-eabi/13.3.1/thumb/v6-m/nofp/crtbegin.o

.tdata          0x2000005c        0x0 load address 0x0800647c
 *(.tdata .tdata.* .gnu.linkonce.td.*)
                0x2000005c                        . = ALIGN (0x4)
                0x2000005c                        _edata = .
                [!provide]                        PROVIDE (__data_end = .)
                [!provide]                        PROVIDE (__tdata_end = .)
                [!provide]                        PROVIDE (__tdata_start = ADDR (.tdata))
                [!provide]                        PROVIDE (__tdata_size = (__tdata_end - __tdata_start))
                [!provide]                        PROVIDE (__data_start = ADDR (.data))
                [!provide]                        PROVIDE (__data_size = (__data_end - __data_start))
                [!provide]                        PROVIDE (__tdata_source = LOADADDR (.tdata))
                [!provide]                        PROVIDE (__tdata_source_end = (LOADADDR (.tdata) + SIZEOF (.tdata)))
                [!provide]                        PROVIDE (__tdata_source_size = (__tdata_source_end - __tdata_source))
                [!provide]                        PROVIDE (__data_source = LOADADDR (.data))
                [!provide]                        PROVIDE (__data_source_end = __tdata_source_end)
                [!provide]                        PROVIDE (__data_source_size = (__data_source_end - __data_source))

.tbss           0x2000005c        0x0 load address 0x0800647c
                0x2000005c                        _sbss = .
                0x2000005c                        __bss_start__ = _sbss
 *(.tbss .tbss.*)
                0x2000005c                        . = ALIGN (0x4)
                [!provide]                        PROVIDE (__tbss_end = .)
                [!provide]                        PROVIDE (__tbss_start = ADDR (.tbss))
                [!provide]                        PROVIDE (__tbss_size = (__tbss_end - __tbss_start))
                [!provide]                        PROVIDE (__tbss_offset = (ADDR (.tbss) - ADDR (.tdata)))
                [!provide]                        PROVIDE (__tls_base = __tdata_start)
                [!provide]                        PROVIDE (__tls_end = __tbss_end)
                [!provide]                        PROVIDE (__tls_size = (__tls_end - __tls_base))
                [!provide]                        PROVIDE (__tls_align = MAX (ALIGNOF (.tdata), ALIGNOF (.tbss)))
                [!provide]                        PROVIDE (__tls_size_align = (((__tls_size + __tls_align) - 0x1) & ~ ((__tls_align - 0x1))))
                [!provide]                        PROVIDE (__arm32_tls_tcb_offset = MAX (0x8, __tls_align))
                [!provide]                        PROVIDE (__arm64_tls_tcb_offset = MAX (0x10, __tls_align))

.bss            0x2000005c      0x480 load address 0x0800647c
 *(.bss)
 .bss           0x2000005c       0x1c /home/nielscron/.local/share/stm32cube/bundles/gnu-tools-for-stm32/13.3.1+st.9/bin/../lib/gcc/arm-none-eabi/13.3.1/thumb/v6-m/nofp/crtbegin.o
 *(.bss*)
 .bss.uwTick    0x20000078        0x4 cmake/stm32cubemx/CMakeFiles/STM32_Drivers.dir/__/__/Drivers/STM32G0xx_HAL_Driver/Src/stm32g0xx_hal.c.obj
                0x20000078                uwTick
 .bss.TD_data   0x2000007c        0x7 CMakeFiles/nixie_clock_V2.dir/Core/Src/main.c.obj
                0x2000007c                TD_data
 .bss.menu_pos  0x20000083        0x1 CMakeFiles/nixie_clock_V2.dir/Core/Src/main.c.obj
                0x20000083                menu_pos
 .bss.menu_pos_old
                0x20000084        0x1 CMakeFiles/nixie_clock_V2.dir/Core/Src/main.c.obj
                0x20000084                menu_pos_old
 *fill*         0x20000085        0x3 
 .bss.hi2c1     0x20000088       0x54 CMakeFiles/nixie_clock_V2.dir/Core/Src/main.c.obj
                0x20000088                hi2c1
 .bss.hrtc      0x200000dc       0x2c CMakeFiles/nixie_clock_V2.dir/Core/Src/main.c.obj
                0x200000dc                hrtc
 .bss.htim1     0x20000108       0x4c CMakeFiles/nixie_clock_V2.dir/Core/Src/main.c.obj
                0x20000108                htim1
 .bss.tick_flag
                0x20000154        0x1 CMakeFiles/nixie_clock_V2.dir/Core/Src/main.c.obj
                0x20000154                tick_flag
 .bss.counter_seconds
                0x20000155        0x1 CMakeFiles/nixie_clock_V2.dir/Core/Src/main.c.obj
                0x20000155                counter_seconds
 .bss.btn_flag_menu
                0x20000156        0x1 CMakeFiles/nixie_clock_V2.dir/Core/Src/main.c.obj
                0x20000156                btn_flag_menu
 .bss.btn_flag_plus
                0x20000157        0x1 CMakeFiles/nixie_clock_V2.dir/Core/Src/main.c.obj
                0x20000157                btn_flag_plus
 .bss.btn_flag_minus
                0x20000158        0x1 CMakeFiles/nixie_clock_V2.dir/Core/Src/main.c.obj
                0x20000158                btn_flag_minus
 .bss.tick_blink
                0x20000159        0x1 CMakeFiles/nixie_clock_V2.dir/Core/Src/main.c.obj
                0x20000159                tick_blink
 .bss.btn_pressed_flag
                0x2000015a        0x1 CMakeFiles/nixie_clock_V2.dir/Core/Src/main.c.obj
                0x2000015a                btn_pressed_flag
 .bss.sensor_flag
                0x2000015b        0x1 CMakeFiles/nixie_clock_V2.dir/Core/Src/main.c.obj
                0x2000015b                sensor_flag
 .bss.timeData  0x2000015c        0xf CMakeFiles/nixie_clock_V2.dir/Core/Src/main.c.obj
                0x2000015c                timeData
 *fill*         0x2000016b        0x1 
 .bss.dateData  0x2000016c        0xf CMakeFiles/nixie_clock_V2.dir/Core/Src/main.c.obj
                0x2000016c                dateData
 *fill*         0x2000017b        0x1 
 .bss.miscData  0x2000017c        0x2 CMakeFiles/nixie_clock_V2.dir/Core/Src/main.c.obj
                0x2000017c                miscData
 *fill*         0x2000017e        0x2 
 .bss.start_ms_counter
                0x20000180        0x4 CMakeFiles/nixie_clock_V2.dir/Core/Src/main.c.obj
                0x20000180                start_ms_counter
 .bss.start_ms_counter_menuTimeout
                0x20000184        0x4 CMakeFiles/nixie_clock_V2.dir/Core/Src/main.c.obj
                0x20000184                start_ms_counter_menuTimeout
 .bss.__sbrk_heap_end
                0x20000188        0x4 CMakeFiles/nixie_clock_V2.dir/Core/Src/sysmem.c.obj
 .bss.SSD1306_Buffer
                0x2000018c      0x200 CMakeFiles/nixie_clock_V2.dir/Drivers/ssd1306/ssd1306.c.obj
 .bss.SSD1306   0x2000038c        0x6 CMakeFiles/nixie_clock_V2.dir/Drivers/ssd1306/ssd1306.c.obj
 *fill*         0x20000392        0x2 
 .bss.__sf      0x20000394      0x138 /home/nielscron/.local/share/stm32cube/bundles/gnu-tools-for-stm32/13.3.1+st.9/bin/../lib/gcc/arm-none-eabi/13.3.1/../../../../arm-none-eabi/lib/thumb/v6-m/nofp/libg_nano.a(libc_a-findfp.o)
                0x20000394                __sf
 .bss.errno     0x200004cc        0x4 /home/nielscron/.local/share/stm32cube/bundles/gnu-tools-for-stm32/13.3.1+st.9/bin/../lib/gcc/arm-none-eabi/13.3.1/../../../../arm-none-eabi/lib/thumb/v6-m/nofp/libg_nano.a(libc_a-reent.o)
                0x200004cc                errno
 .bss.__lock___malloc_recursive_mutex
                0x200004d0        0x1 /home/nielscron/.local/share/stm32cube/bundles/gnu-tools-for-stm32/13.3.1+st.9/bin/../lib/gcc/arm-none-eabi/13.3.1/../../../../arm-none-eabi/lib/thumb/v6-m/nofp/libg_nano.a(libc_a-lock.o)
                0x200004d0                __lock___malloc_recursive_mutex
 *fill*         0x200004d1        0x3 
 .bss.__malloc_sbrk_start
                0x200004d4        0x4 /home/nielscron/.local/share/stm32cube/bundles/gnu-tools-for-stm32/13.3.1+st.9/bin/../lib/gcc/arm-none-eabi/13.3.1/../../../../arm-none-eabi/lib/thumb/v6-m/nofp/libg_nano.a(libc_a-mallocr.o)
                0x200004d4                __malloc_sbrk_start
 .bss.__malloc_free_list
                0x200004d8        0x4 /home/nielscron/.local/share/stm32cube/bundles/gnu-tools-for-stm32/13.3.1+st.9/bin/../lib/gcc/arm-none-eabi/13.3.1/../../../../arm-none-eabi/lib/thumb/v6-m/nofp/libg_nano.a(libc_a-mallocr.o)
                0x200004d8                __malloc_free_list
 *(COMMON)
                0x200004dc                        . = ALIGN (0x4)
                0x200004dc                        _ebss = .
                0x200004dc                        __bss_end__ = _ebss
                [!provide]                        PROVIDE (__bss_end = .)
                [!provide]                        PROVIDE (__non_tls_bss_start = ADDR (.bss))
                [!provide]                        PROVIDE (__bss_start = __tbss_start)
                [!provide]                        PROVIDE (__bss_size = (__bss_end - __bss_start))

._user_heap_stack
                0x200004dc      0x604 load address 0x0800647c
                0x200004e0                        . = ALIGN (0x8)
 *fill*         0x200004dc        0x4 
                [!provide]                        PROVIDE (end = .)
                0x200004e0                        PROVIDE (_end = .)
                0x200006e0                        . = (. + _Min_Heap_Size)
 *fill*         0x200004e0      0x200 
                0x20000ae0                        . = (. + _Min_Stack_Size)
 *fill*         0x200006e0      0x400 
                0x20000ae0                        . = ALIGN (0x8)

/DISCARD/
 libc.a:*(*)
 libm.a:*(*)
 libgcc.a:*(*)
OUTPUT(nixie_clock_V2.elf elf32-littlearm)
LOAD linker stubs

.ARM.attributes
                0x00000000       0x28
 .ARM.attributes
                0x00000000       0x1e /home/nielscron/.local/share/stm32cube/bundles/gnu-tools-for-stm32/13.3.1+st.9/bin/../lib/gcc/arm-none-eabi/13.3.1/thumb/v6-m/nofp/crti.o
 .ARM.attributes
                0x0000001e       0x2c /home/nielscron/.local/share/stm32cube/bundles/gnu-tools-for-stm32/13.3.1+st.9/bin/../lib/gcc/arm-none-eabi/13.3.1/thumb/v6-m/nofp/crtbegin.o
 .ARM.attributes
                0x0000004a       0x2c cmake/stm32cubemx/CMakeFiles/STM32_Drivers.dir/__/__/Core/Src/system_stm32g0xx.c.obj
 .ARM.attributes
                0x00000076       0x2c cmake/stm32cubemx/CMakeFiles/STM32_Drivers.dir/__/__/Drivers/STM32G0xx_HAL_Driver/Src/stm32g0xx_hal_i2c.c.obj
 .ARM.attributes
                0x000000a2       0x2c cmake/stm32cubemx/CMakeFiles/STM32_Drivers.dir/__/__/Drivers/STM32G0xx_HAL_Driver/Src/stm32g0xx_hal_i2c_ex.c.obj
 .ARM.attributes
                0x000000ce       0x2c cmake/stm32cubemx/CMakeFiles/STM32_Drivers.dir/__/__/Drivers/STM32G0xx_HAL_Driver/Src/stm32g0xx_hal_rcc.c.obj
 .ARM.attributes
                0x000000fa       0x2c cmake/stm32cubemx/CMakeFiles/STM32_Drivers.dir/__/__/Drivers/STM32G0xx_HAL_Driver/Src/stm32g0xx_hal_rcc_ex.c.obj
 .ARM.attributes
                0x00000126       0x2c cmake/stm32cubemx/CMakeFiles/STM32_Drivers.dir/__/__/Drivers/STM32G0xx_HAL_Driver/Src/stm32g0xx_hal_gpio.c.obj
 .ARM.attributes
                0x00000152       0x2c cmake/stm32cubemx/CMakeFiles/STM32_Drivers.dir/__/__/Drivers/STM32G0xx_HAL_Driver/Src/stm32g0xx_hal_pwr.c.obj
 .ARM.attributes
                0x0000017e       0x2c cmake/stm32cubemx/CMakeFiles/STM32_Drivers.dir/__/__/Drivers/STM32G0xx_HAL_Driver/Src/stm32g0xx_hal_pwr_ex.c.obj
 .ARM.attributes
                0x000001aa       0x2c cmake/stm32cubemx/CMakeFiles/STM32_Drivers.dir/__/__/Drivers/STM32G0xx_HAL_Driver/Src/stm32g0xx_hal_cortex.c.obj
 .ARM.attributes
                0x000001d6       0x2c cmake/stm32cubemx/CMakeFiles/STM32_Drivers.dir/__/__/Drivers/STM32G0xx_HAL_Driver/Src/stm32g0xx_hal.c.obj
 .ARM.attributes
                0x00000202       0x2c cmake/stm32cubemx/CMakeFiles/STM32_Drivers.dir/__/__/Drivers/STM32G0xx_HAL_Driver/Src/stm32g0xx_hal_rtc.c.obj
 .ARM.attributes
                0x0000022e       0x2c cmake/stm32cubemx/CMakeFiles/STM32_Drivers.dir/__/__/Drivers/STM32G0xx_HAL_Driver/Src/stm32g0xx_hal_rtc_ex.c.obj
 .ARM.attributes
                0x0000025a       0x2c cmake/stm32cubemx/CMakeFiles/STM32_Drivers.dir/__/__/Drivers/STM32G0xx_HAL_Driver/Src/stm32g0xx_hal_tim.c.obj
 .ARM.attributes
                0x00000286       0x2c cmake/stm32cubemx/CMakeFiles/STM32_Drivers.dir/__/__/Drivers/STM32G0xx_HAL_Driver/Src/stm32g0xx_hal_tim_ex.c.obj
 .ARM.attributes
                0x000002b2       0x2c CMakeFiles/nixie_clock_V2.dir/Core/Src/main.c.obj
 .ARM.attributes
                0x000002de       0x2c CMakeFiles/nixie_clock_V2.dir/Core/Src/stm32g0xx_it.c.obj
 .ARM.attributes
                0x0000030a       0x2c CMakeFiles/nixie_clock_V2.dir/Core/Src/stm32g0xx_hal_msp.c.obj
 .ARM.attributes
                0x00000336       0x2c CMakeFiles/nixie_clock_V2.dir/Core/Src/sysmem.c.obj
 .ARM.attributes
                0x00000362       0x22 CMakeFiles/nixie_clock_V2.dir/startup_stm32g051xx.s.obj
 .ARM.attributes
                0x00000384       0x2c CMakeFiles/nixie_clock_V2.dir/Drivers/ssd1306/ssd1306.c.obj
 .ARM.attributes
                0x000003b0       0x2c CMakeFiles/nixie_clock_V2.dir/Drivers/ssd1306/ssd1306_fonts.c.obj
 .ARM.attributes
                0x000003dc       0x2c CMakeFiles/nixie_clock_V2.dir/Drivers/DHT22/dht22.c.obj
 .ARM.attributes
                0x00000408       0x1e /home/nielscron/.local/share/stm32cube/bundles/gnu-tools-for-stm32/13.3.1+st.9/bin/../lib/gcc/arm-none-eabi/13.3.1/thumb/v6-m/nofp/libgcc.a(_udivsi3.o)
 .ARM.attributes
                0x00000426       0x1e /home/nielscron/.local/share/stm32cube/bundles/gnu-tools-for-stm32/13.3.1+st.9/bin/../lib/gcc/arm-none-eabi/13.3.1/thumb/v6-m/nofp/libgcc.a(_divsi3.o)
 .ARM.attributes
                0x00000444       0x1e /home/nielscron/.local/share/stm32cube/bundles/gnu-tools-for-stm32/13.3.1+st.9/bin/../lib/gcc/arm-none-eabi/13.3.1/thumb/v6-m/nofp/libgcc.a(_dvmd_tls.o)
 .ARM.attributes
                0x00000462       0x2c /home/nielscron/.local/share/stm32cube/bundles/gnu-tools-for-stm32/13.3.1+st.9/bin/../lib/gcc/arm-none-eabi/13.3.1/../../../../arm-none-eabi/lib/thumb/v6-m/nofp/libg_nano.a(libc_a-findfp.o)
 .ARM.attributes
                0x0000048e       0x2c /home/nielscron/.local/share/stm32cube/bundles/gnu-tools-for-stm32/13.3.1+st.9/bin/../lib/gcc/arm-none-eabi/13.3.1/../../../../arm-none-eabi/lib/thumb/v6-m/nofp/libg_nano.a(libc_a-sprintf.o)
 .ARM.attributes
                0x000004ba       0x2c /home/nielscron/.local/share/stm32cube/bundles/gnu-tools-for-stm32/13.3.1+st.9/bin/../lib/gcc/arm-none-eabi/13.3.1/../../../../arm-none-eabi/lib/thumb/v6-m/nofp/libg_nano.a(libc_a-memset.o)
 .ARM.attributes
                0x000004e6       0x2c /home/nielscron/.local/share/stm32cube/bundles/gnu-tools-for-stm32/13.3.1+st.9/bin/../lib/gcc/arm-none-eabi/13.3.1/../../../../arm-none-eabi/lib/thumb/v6-m/nofp/libg_nano.a(libc_a-reent.o)
 .ARM.attributes
                0x00000512       0x2c /home/nielscron/.local/share/stm32cube/bundles/gnu-tools-for-stm32/13.3.1+st.9/bin/../lib/gcc/arm-none-eabi/13.3.1/../../../../arm-none-eabi/lib/thumb/v6-m/nofp/libg_nano.a(libc_a-impure.o)
 .ARM.attributes
                0x0000053e       0x2c /home/nielscron/.local/share/stm32cube/bundles/gnu-tools-for-stm32/13.3.1+st.9/bin/../lib/gcc/arm-none-eabi/13.3.1/../../../../arm-none-eabi/lib/thumb/v6-m/nofp/libg_nano.a(libc_a-errno.o)
 .ARM.attributes
                0x0000056a       0x2c /home/nielscron/.local/share/stm32cube/bundles/gnu-tools-for-stm32/13.3.1+st.9/bin/../lib/gcc/arm-none-eabi/13.3.1/../../../../arm-none-eabi/lib/thumb/v6-m/nofp/libg_nano.a(libc_a-init.o)
 .ARM.attributes
                0x00000596       0x2c /home/nielscron/.local/share/stm32cube/bundles/gnu-tools-for-stm32/13.3.1+st.9/bin/../lib/gcc/arm-none-eabi/13.3.1/../../../../arm-none-eabi/lib/thumb/v6-m/nofp/libg_nano.a(libc_a-lock.o)
 .ARM.attributes
                0x000005c2       0x2c /home/nielscron/.local/share/stm32cube/bundles/gnu-tools-for-stm32/13.3.1+st.9/bin/../lib/gcc/arm-none-eabi/13.3.1/../../../../arm-none-eabi/lib/thumb/v6-m/nofp/libg_nano.a(libc_a-memcpy-stub.o)
 .ARM.attributes
                0x000005ee       0x2c /home/nielscron/.local/share/stm32cube/bundles/gnu-tools-for-stm32/13.3.1+st.9/bin/../lib/gcc/arm-none-eabi/13.3.1/../../../../arm-none-eabi/lib/thumb/v6-m/nofp/libg_nano.a(libc_a-freer.o)
 .ARM.attributes
                0x0000061a       0x2c /home/nielscron/.local/share/stm32cube/bundles/gnu-tools-for-stm32/13.3.1+st.9/bin/../lib/gcc/arm-none-eabi/13.3.1/../../../../arm-none-eabi/lib/thumb/v6-m/nofp/libg_nano.a(libc_a-mallocr.o)
 .ARM.attributes
                0x00000646       0x2c /home/nielscron/.local/share/stm32cube/bundles/gnu-tools-for-stm32/13.3.1+st.9/bin/../lib/gcc/arm-none-eabi/13.3.1/../../../../arm-none-eabi/lib/thumb/v6-m/nofp/libg_nano.a(libc_a-mlock.o)
 .ARM.attributes
                0x00000672       0x2c /home/nielscron/.local/share/stm32cube/bundles/gnu-tools-for-stm32/13.3.1+st.9/bin/../lib/gcc/arm-none-eabi/13.3.1/../../../../arm-none-eabi/lib/thumb/v6-m/nofp/libg_nano.a(libc_a-nano-svfprintf.o)
 .ARM.attributes
                0x0000069e       0x2c /home/nielscron/.local/share/stm32cube/bundles/gnu-tools-for-stm32/13.3.1+st.9/bin/../lib/gcc/arm-none-eabi/13.3.1/../../../../arm-none-eabi/lib/thumb/v6-m/nofp/libg_nano.a(libc_a-nano-vfprintf_i.o)
 .ARM.attributes
                0x000006ca       0x2c /home/nielscron/.local/share/stm32cube/bundles/gnu-tools-for-stm32/13.3.1+st.9/bin/../lib/gcc/arm-none-eabi/13.3.1/../../../../arm-none-eabi/lib/thumb/v6-m/nofp/libg_nano.a(libc_a-memmove.o)
 .ARM.attributes
                0x000006f6       0x2c /home/nielscron/.local/share/stm32cube/bundles/gnu-tools-for-stm32/13.3.1+st.9/bin/../lib/gcc/arm-none-eabi/13.3.1/../../../../arm-none-eabi/lib/thumb/v6-m/nofp/libg_nano.a(libc_a-sbrkr.o)
 .ARM.attributes
                0x00000722       0x2c /home/nielscron/.local/share/stm32cube/bundles/gnu-tools-for-stm32/13.3.1+st.9/bin/../lib/gcc/arm-none-eabi/13.3.1/../../../../arm-none-eabi/lib/thumb/v6-m/nofp/libg_nano.a(libc_a-memchr-stub.o)
 .ARM.attributes
                0x0000074e       0x2c /home/nielscron/.local/share/stm32cube/bundles/gnu-tools-for-stm32/13.3.1+st.9/bin/../lib/gcc/arm-none-eabi/13.3.1/../../../../arm-none-eabi/lib/thumb/v6-m/nofp/libg_nano.a(libc_a-reallocr.o)
 .ARM.attributes
                0x0000077a       0x2c /home/nielscron/.local/share/stm32cube/bundles/gnu-tools-for-stm32/13.3.1+st.9/bin/../lib/gcc/arm-none-eabi/13.3.1/../../../../arm-none-eabi/lib/thumb/v6-m/nofp/libg_nano.a(libc_a-msizer.o)
 .ARM.attributes
                0x000007a6       0x1e /home/nielscron/.local/share/stm32cube/bundles/gnu-tools-for-stm32/13.3.1+st.9/bin/../lib/gcc/arm-none-eabi/13.3.1/thumb/v6-m/nofp/libgcc.a(_thumb1_case_shi.o)
 .ARM.attributes
                0x000007c4       0x1e /home/nielscron/.local/share/stm32cube/bundles/gnu-tools-for-stm32/13.3.1+st.9/bin/../lib/gcc/arm-none-eabi/13.3.1/thumb/v6-m/nofp/crtn.o

.comment        0x00000000       0x43
 .comment       0x00000000       0x43 cmake/stm32cubemx/CMakeFiles/STM32_Drivers.dir/__/__/Core/Src/system_stm32g0xx.c.obj
                                 0x44 (size before relaxing)
 .comment       0x00000043        0x0 cmake/stm32cubemx/CMakeFiles/STM32_Drivers.dir/__/__/Drivers/STM32G0xx_HAL_Driver/Src/stm32g0xx_hal_i2c.c.obj
                                 0x44 (size before relaxing)
 .comment       0x00000043        0x0 cmake/stm32cubemx/CMakeFiles/STM32_Drivers.dir/__/__/Drivers/STM32G0xx_HAL_Driver/Src/stm32g0xx_hal_i2c_ex.c.obj
                                 0x44 (size before relaxing)
 .comment       0x00000043        0x0 cmake/stm32cubemx/CMakeFiles/STM32_Drivers.dir/__/__/Drivers/STM32G0xx_HAL_Driver/Src/stm32g0xx_hal_rcc.c.obj
                                 0x44 (size before relaxing)
 .comment       0x00000043        0x0 cmake/stm32cubemx/CMakeFiles/STM32_Drivers.dir/__/__/Drivers/STM32G0xx_HAL_Driver/Src/stm32g0xx_hal_rcc_ex.c.obj
                                 0x44 (size before relaxing)
 .comment       0x00000043        0x0 cmake/stm32cubemx/CMakeFiles/STM32_Drivers.dir/__/__/Drivers/STM32G0xx_HAL_Driver/Src/stm32g0xx_hal_gpio.c.obj
                                 0x44 (size before relaxing)
 .comment       0x00000043        0x0 cmake/stm32cubemx/CMakeFiles/STM32_Drivers.dir/__/__/Drivers/STM32G0xx_HAL_Driver/Src/stm32g0xx_hal_pwr.c.obj
                                 0x44 (size before relaxing)
 .comment       0x00000043        0x0 cmake/stm32cubemx/CMakeFiles/STM32_Drivers.dir/__/__/Drivers/STM32G0xx_HAL_Driver/Src/stm32g0xx_hal_pwr_ex.c.obj
                                 0x44 (size before relaxing)
 .comment       0x00000043        0x0 cmake/stm32cubemx/CMakeFiles/STM32_Drivers.dir/__/__/Drivers/STM32G0xx_HAL_Driver/Src/stm32g0xx_hal_cortex.c.obj
                                 0x44 (size before relaxing)
 .comment       0x00000043        0x0 cmake/stm32cubemx/CMakeFiles/STM32_Drivers.dir/__/__/Drivers/STM32G0xx_HAL_Driver/Src/stm32g0xx_hal.c.obj
                                 0x44 (size before relaxing)
 .comment       0x00000043        0x0 cmake/stm32cubemx/CMakeFiles/STM32_Drivers.dir/__/__/Drivers/STM32G0xx_HAL_Driver/Src/stm32g0xx_hal_rtc.c.obj
                                 0x44 (size before relaxing)
 .comment       0x00000043        0x0 cmake/stm32cubemx/CMakeFiles/STM32_Drivers.dir/__/__/Drivers/STM32G0xx_HAL_Driver/Src/stm32g0xx_hal_rtc_ex.c.obj
                                 0x44 (size before relaxing)
 .comment       0x00000043        0x0 cmake/stm32cubemx/CMakeFiles/STM32_Drivers.dir/__/__/Drivers/STM32G0xx_HAL_Driver/Src/stm32g0xx_hal_tim.c.obj
                                 0x44 (size before relaxing)
 .comment       0x00000043        0x0 cmake/stm32cubemx/CMakeFiles/STM32_Drivers.dir/__/__/Drivers/STM32G0xx_HAL_Driver/Src/stm32g0xx_hal_tim_ex.c.obj
                                 0x44 (size before relaxing)
 .comment       0x00000043        0x0 CMakeFiles/nixie_clock_V2.dir/Core/Src/main.c.obj
                                 0x44 (size before relaxing)
 .comment       0x00000043        0x0 CMakeFiles/nixie_clock_V2.dir/Core/Src/stm32g0xx_it.c.obj
                                 0x44 (size before relaxing)
 .comment       0x00000043        0x0 CMakeFiles/nixie_clock_V2.dir/Core/Src/stm32g0xx_hal_msp.c.obj
                                 0x44 (size before relaxing)
 .comment       0x00000043        0x0 CMakeFiles/nixie_clock_V2.dir/Core/Src/sysmem.c.obj
                                 0x44 (size before relaxing)
 .comment       0x00000043        0x0 CMakeFiles/nixie_clock_V2.dir/Drivers/ssd1306/ssd1306.c.obj
                                 0x44 (size before relaxing)
 .comment       0x00000043        0x0 CMakeFiles/nixie_clock_V2.dir/Drivers/ssd1306/ssd1306_fonts.c.obj
                                 0x44 (size before relaxing)
 .comment       0x00000043        0x0 CMakeFiles/nixie_clock_V2.dir/Drivers/DHT22/dht22.c.obj
                                 0x44 (size before relaxing)
 .comment       0x00000043        0x0 /home/nielscron/.local/share/stm32cube/bundles/gnu-tools-for-stm32/13.3.1+st.9/bin/../lib/gcc/arm-none-eabi/13.3.1/../../../../arm-none-eabi/lib/thumb/v6-m/nofp/libg_nano.a(libc_a-findfp.o)
                                 0x44 (size before relaxing)
 .comment       0x00000043        0x0 /home/nielscron/.local/share/stm32cube/bundles/gnu-tools-for-stm32/13.3.1+st.9/bin/../lib/gcc/arm-none-eabi/13.3.1/../../../../arm-none-eabi/lib/thumb/v6-m/nofp/libg_nano.a(libc_a-sprintf.o)
                                 0x44 (size before relaxing)
 .comment       0x00000043        0x0 /home/nielscron/.local/share/stm32cube/bundles/gnu-tools-for-stm32/13.3.1+st.9/bin/../lib/gcc/arm-none-eabi/13.3.1/../../../../arm-none-eabi/lib/thumb/v6-m/nofp/libg_nano.a(libc_a-memset.o)
                                 0x44 (size before relaxing)
 .comment       0x00000043        0x0 /home/nielscron/.local/share/stm32cube/bundles/gnu-tools-for-stm32/13.3.1+st.9/bin/../lib/gcc/arm-none-eabi/13.3.1/../../../../arm-none-eabi/lib/thumb/v6-m/nofp/libg_nano.a(libc_a-reent.o)
                                 0x44 (size before relaxing)
 .comment       0x00000043        0x0 /home/nielscron/.local/share/stm32cube/bundles/gnu-tools-for-stm32/13.3.1+st.9/bin/../lib/gcc/arm-none-eabi/13.3.1/../../../../arm-none-eabi/lib/thumb/v6-m/nofp/libg_nano.a(libc_a-impure.o)
                                 0x44 (size before relaxing)
 .comment       0x00000043        0x0 /home/nielscron/.local/share/stm32cube/bundles/gnu-tools-for-stm32/13.3.1+st.9/bin/../lib/gcc/arm-none-eabi/13.3.1/../../../../arm-none-eabi/lib/thumb/v6-m/nofp/libg_nano.a(libc_a-errno.o)
                                 0x44 (size before relaxing)
 .comment       0x00000043        0x0 /home/nielscron/.local/share/stm32cube/bundles/gnu-tools-for-stm32/13.3.1+st.9/bin/../lib/gcc/arm-none-eabi/13.3.1/../../../../arm-none-eabi/lib/thumb/v6-m/nofp/libg_nano.a(libc_a-init.o)
                                 0x44 (size before relaxing)
 .comment       0x00000043        0x0 /home/nielscron/.local/share/stm32cube/bundles/gnu-tools-for-stm32/13.3.1+st.9/bin/../lib/gcc/arm-none-eabi/13.3.1/../../../../arm-none-eabi/lib/thumb/v6-m/nofp/libg_nano.a(libc_a-lock.o)
                                 0x44 (size before relaxing)
 .comment       0x00000043        0x0 /home/nielscron/.local/share/stm32cube/bundles/gnu-tools-for-stm32/13.3.1+st.9/bin/../lib/gcc/arm-none-eabi/13.3.1/../../../../arm-none-eabi/lib/thumb/v6-m/nofp/libg_nano.a(libc_a-memcpy-stub.o)
                                 0x44 (size before relaxing)
 .comment       0x00000043        0x0 /home/nielscron/.local/share/stm32cube/bundles/gnu-tools-for-stm32/13.3.1+st.9/bin/../lib/gcc/arm-none-eabi/13.3.1/../../../../arm-none-eabi/lib/thumb/v6-m/nofp/libg_nano.a(libc_a-freer.o)
                                 0x44 (size before relaxing)
 .comment       0x00000043        0x0 /home/nielscron/.local/share/stm32cube/bundles/gnu-tools-for-stm32/13.3.1+st.9/bin/../lib/gcc/arm-none-eabi/13.3.1/../../../../arm-none-eabi/lib/thumb/v6-m/nofp/libg_nano.a(libc_a-mallocr.o)
                                 0x44 (size before relaxing)
 .comment       0x00000043        0x0 /home/nielscron/.local/share/stm32cube/bundles/gnu-tools-for-stm32/13.3.1+st.9/bin/../lib/gcc/arm-none-eabi/13.3.1/../../../../arm-none-eabi/lib/thumb/v6-m/nofp/libg_nano.a(libc_a-mlock.o)
                                 0x44 (size before relaxing)
 .comment       0x00000043        0x0 /home/nielscron/.local/share/stm32cube/bundles/gnu-tools-for-stm32/13.3.1+st.9/bin/../lib/gcc/arm-none-eabi/13.3.1/../../../../arm-none-eabi/lib/thumb/v6-m/nofp/libg_nano.a(libc_a-nano-svfprintf.o)
                                 0x44 (size before relaxing)
 .comment       0x00000043        0x0 /home/nielscron/.local/share/stm32cube/bundles/gnu-tools-for-stm32/13.3.1+st.9/bin/../lib/gcc/arm-none-eabi/13.3.1/../../../../arm-none-eabi/lib/thumb/v6-m/nofp/libg_nano.a(libc_a-nano-vfprintf_i.o)
                                 0x44 (size before relaxing)
 .comment       0x00000043        0x0 /home/nielscron/.local/share/stm32cube/bundles/gnu-tools-for-stm32/13.3.1+st.9/bin/../lib/gcc/arm-none-eabi/13.3.1/../../../../arm-none-eabi/lib/thumb/v6-m/nofp/libg_nano.a(libc_a-memmove.o)
                                 0x44 (size before relaxing)
 .comment       0x00000043        0x0 /home/nielscron/.local/share/stm32cube/bundles/gnu-tools-for-stm32/13.3.1+st.9/bin/../lib/gcc/arm-none-eabi/13.3.1/../../../../arm-none-eabi/lib/thumb/v6-m/nofp/libg_nano.a(libc_a-sbrkr.o)
                                 0x44 (size before relaxing)
 .comment       0x00000043        0x0 /home/nielscron/.local/share/stm32cube/bundles/gnu-tools-for-stm32/13.3.1+st.9/bin/../lib/gcc/arm-none-eabi/13.3.1/../../../../arm-none-eabi/lib/thumb/v6-m/nofp/libg_nano.a(libc_a-memchr-stub.o)
                                 0x44 (size before relaxing)
 .comment       0x00000043        0x0 /home/nielscron/.local/share/stm32cube/bundles/gnu-tools-for-stm32/13.3.1+st.9/bin/../lib/gcc/arm-none-eabi/13.3.1/../../../../arm-none-eabi/lib/thumb/v6-m/nofp/libg_nano.a(libc_a-reallocr.o)
                                 0x44 (size before relaxing)
 .comment       0x00000043        0x0 /home/nielscron/.local/share/stm32cube/bundles/gnu-tools-for-stm32/13.3.1+st.9/bin/../lib/gcc/arm-none-eabi/13.3.1/../../../../arm-none-eabi/lib/thumb/v6-m/nofp/libg_nano.a(libc_a-msizer.o)
                                 0x44 (size before relaxing)

.debug_info     0x00000000    0x1a8be
 .debug_info    0x00000000      0x316 cmake/stm32cubemx/CMakeFiles/STM32_Drivers.dir/__/__/Core/Src/system_stm32g0xx.c.obj
 .debug_info    0x00000316     0x21c0 cmake/stm32cubemx/CMakeFiles/STM32_Drivers.dir/__/__/Drivers/STM32G0xx_HAL_Driver/Src/stm32g0xx_hal_i2c.c.obj
 .debug_info    0x000024d6      0x9ff cmake/stm32cubemx/CMakeFiles/STM32_Drivers.dir/__/__/Drivers/STM32G0xx_HAL_Driver/Src/stm32g0xx_hal_i2c_ex.c.obj
 .debug_info    0x00002ed5      0xb1b cmake/stm32cubemx/CMakeFiles/STM32_Drivers.dir/__/__/Drivers/STM32G0xx_HAL_Driver/Src/stm32g0xx_hal_rcc.c.obj
 .debug_info    0x000039f0      0x767 cmake/stm32cubemx/CMakeFiles/STM32_Drivers.dir/__/__/Drivers/STM32G0xx_HAL_Driver/Src/stm32g0xx_hal_rcc_ex.c.obj
 .debug_info    0x00004157      0x585 cmake/stm32cubemx/CMakeFiles/STM32_Drivers.dir/__/__/Drivers/STM32G0xx_HAL_Driver/Src/stm32g0xx_hal_gpio.c.obj
 .debug_info    0x000046dc      0x5aa cmake/stm32cubemx/CMakeFiles/STM32_Drivers.dir/__/__/Drivers/STM32G0xx_HAL_Driver/Src/stm32g0xx_hal_pwr.c.obj
 .debug_info    0x00004c86      0x787 cmake/stm32cubemx/CMakeFiles/STM32_Drivers.dir/__/__/Drivers/STM32G0xx_HAL_Driver/Src/stm32g0xx_hal_pwr_ex.c.obj
 .debug_info    0x0000540d      0x8cd cmake/stm32cubemx/CMakeFiles/STM32_Drivers.dir/__/__/Drivers/STM32G0xx_HAL_Driver/Src/stm32g0xx_hal_cortex.c.obj
 .debug_info    0x00005cda      0xa4d cmake/stm32cubemx/CMakeFiles/STM32_Drivers.dir/__/__/Drivers/STM32G0xx_HAL_Driver/Src/stm32g0xx_hal.c.obj
 .debug_info    0x00006727      0xc47 cmake/stm32cubemx/CMakeFiles/STM32_Drivers.dir/__/__/Drivers/STM32G0xx_HAL_Driver/Src/stm32g0xx_hal_rtc.c.obj
 .debug_info    0x0000736e     0x122a cmake/stm32cubemx/CMakeFiles/STM32_Drivers.dir/__/__/Drivers/STM32G0xx_HAL_Driver/Src/stm32g0xx_hal_rtc_ex.c.obj
 .debug_info    0x00008598     0x2bb4 cmake/stm32cubemx/CMakeFiles/STM32_Drivers.dir/__/__/Drivers/STM32G0xx_HAL_Driver/Src/stm32g0xx_hal_tim.c.obj
 .debug_info    0x0000b14c     0x18c5 cmake/stm32cubemx/CMakeFiles/STM32_Drivers.dir/__/__/Drivers/STM32G0xx_HAL_Driver/Src/stm32g0xx_hal_tim_ex.c.obj
 .debug_info    0x0000ca11     0x206e CMakeFiles/nixie_clock_V2.dir/Core/Src/main.c.obj
 .debug_info    0x0000ea7f      0xad4 CMakeFiles/nixie_clock_V2.dir/Core/Src/stm32g0xx_it.c.obj
 .debug_info    0x0000f553     0x135c CMakeFiles/nixie_clock_V2.dir/Core/Src/stm32g0xx_hal_msp.c.obj
 .debug_info    0x000108af      0x168 CMakeFiles/nixie_clock_V2.dir/Core/Src/sysmem.c.obj
 .debug_info    0x00010a17       0x30 CMakeFiles/nixie_clock_V2.dir/startup_stm32g051xx.s.obj
 .debug_info    0x00010a47     0x1378 CMakeFiles/nixie_clock_V2.dir/Drivers/ssd1306/ssd1306.c.obj
 .debug_info    0x00011dbf      0x1af CMakeFiles/nixie_clock_V2.dir/Drivers/ssd1306/ssd1306_fonts.c.obj
 .debug_info    0x00011f6e      0x311 CMakeFiles/nixie_clock_V2.dir/Drivers/DHT22/dht22.c.obj
 .debug_info    0x0001227f      0xfb0 /home/nielscron/.local/share/stm32cube/bundles/gnu-tools-for-stm32/13.3.1+st.9/bin/../lib/gcc/arm-none-eabi/13.3.1/../../../../arm-none-eabi/lib/thumb/v6-m/nofp/libg_nano.a(libc_a-findfp.o)
 .debug_info    0x0001322f      0x885 /home/nielscron/.local/share/stm32cube/bundles/gnu-tools-for-stm32/13.3.1+st.9/bin/../lib/gcc/arm-none-eabi/13.3.1/../../../../arm-none-eabi/lib/thumb/v6-m/nofp/libg_nano.a(libc_a-sprintf.o)
 .debug_info    0x00013ab4       0xe0 /home/nielscron/.local/share/stm32cube/bundles/gnu-tools-for-stm32/13.3.1+st.9/bin/../lib/gcc/arm-none-eabi/13.3.1/../../../../arm-none-eabi/lib/thumb/v6-m/nofp/libg_nano.a(libc_a-memset.o)
 .debug_info    0x00013b94      0x89a /home/nielscron/.local/share/stm32cube/bundles/gnu-tools-for-stm32/13.3.1+st.9/bin/../lib/gcc/arm-none-eabi/13.3.1/../../../../arm-none-eabi/lib/thumb/v6-m/nofp/libg_nano.a(libc_a-reent.o)
 .debug_info    0x0001442e      0x715 /home/nielscron/.local/share/stm32cube/bundles/gnu-tools-for-stm32/13.3.1+st.9/bin/../lib/gcc/arm-none-eabi/13.3.1/../../../../arm-none-eabi/lib/thumb/v6-m/nofp/libg_nano.a(libc_a-impure.o)
 .debug_info    0x00014b43      0x6fb /home/nielscron/.local/share/stm32cube/bundles/gnu-tools-for-stm32/13.3.1+st.9/bin/../lib/gcc/arm-none-eabi/13.3.1/../../../../arm-none-eabi/lib/thumb/v6-m/nofp/libg_nano.a(libc_a-errno.o)
 .debug_info    0x0001523e      0x10b /home/nielscron/.local/share/stm32cube/bundles/gnu-tools-for-stm32/13.3.1+st.9/bin/../lib/gcc/arm-none-eabi/13.3.1/../../../../arm-none-eabi/lib/thumb/v6-m/nofp/libg_nano.a(libc_a-init.o)
 .debug_info    0x00015349      0x218 /home/nielscron/.local/share/stm32cube/bundles/gnu-tools-for-stm32/13.3.1+st.9/bin/../lib/gcc/arm-none-eabi/13.3.1/../../../../arm-none-eabi/lib/thumb/v6-m/nofp/libg_nano.a(libc_a-lock.o)
 .debug_info    0x00015561      0x11b /home/nielscron/.local/share/stm32cube/bundles/gnu-tools-for-stm32/13.3.1+st.9/bin/../lib/gcc/arm-none-eabi/13.3.1/../../../../arm-none-eabi/lib/thumb/v6-m/nofp/libg_nano.a(libc_a-memcpy-stub.o)
 .debug_info    0x0001567c      0x84a /home/nielscron/.local/share/stm32cube/bundles/gnu-tools-for-stm32/13.3.1+st.9/bin/../lib/gcc/arm-none-eabi/13.3.1/../../../../arm-none-eabi/lib/thumb/v6-m/nofp/libg_nano.a(libc_a-freer.o)
 .debug_info    0x00015ec6      0x9c8 /home/nielscron/.local/share/stm32cube/bundles/gnu-tools-for-stm32/13.3.1+st.9/bin/../lib/gcc/arm-none-eabi/13.3.1/../../../../arm-none-eabi/lib/thumb/v6-m/nofp/libg_nano.a(libc_a-mallocr.o)
 .debug_info    0x0001688e      0x76b /home/nielscron/.local/share/stm32cube/bundles/gnu-tools-for-stm32/13.3.1+st.9/bin/../lib/gcc/arm-none-eabi/13.3.1/../../../../arm-none-eabi/lib/thumb/v6-m/nofp/libg_nano.a(libc_a-mlock.o)
 .debug_info    0x00016ff9     0x10e0 /home/nielscron/.local/share/stm32cube/bundles/gnu-tools-for-stm32/13.3.1+st.9/bin/../lib/gcc/arm-none-eabi/13.3.1/../../../../arm-none-eabi/lib/thumb/v6-m/nofp/libg_nano.a(libc_a-nano-svfprintf.o)
 .debug_info    0x000180d9      0xe0a /home/nielscron/.local/share/stm32cube/bundles/gnu-tools-for-stm32/13.3.1+st.9/bin/../lib/gcc/arm-none-eabi/13.3.1/../../../../arm-none-eabi/lib/thumb/v6-m/nofp/libg_nano.a(libc_a-nano-vfprintf_i.o)
 .debug_info    0x00018ee3      0x109 /home/nielscron/.local/share/stm32cube/bundles/gnu-tools-for-stm32/13.3.1+st.9/bin/../lib/gcc/arm-none-eabi/13.3.1/../../../../arm-none-eabi/lib/thumb/v6-m/nofp/libg_nano.a(libc_a-memmove.o)
 .debug_info    0x00018fec      0x782 /home/nielscron/.local/share/stm32cube/bundles/gnu-tools-for-stm32/13.3.1+st.9/bin/../lib/gcc/arm-none-eabi/13.3.1/../../../../arm-none-eabi/lib/thumb/v6-m/nofp/libg_nano.a(libc_a-sbrkr.o)
 .debug_info    0x0001976e      0x110 /home/nielscron/.local/share/stm32cube/bundles/gnu-tools-for-stm32/13.3.1+st.9/bin/../lib/gcc/arm-none-eabi/13.3.1/../../../../arm-none-eabi/lib/thumb/v6-m/nofp/libg_nano.a(libc_a-memchr-stub.o)
 .debug_info    0x0001987e      0x8ac /home/nielscron/.local/share/stm32cube/bundles/gnu-tools-for-stm32/13.3.1+st.9/bin/../lib/gcc/arm-none-eabi/13.3.1/../../../../arm-none-eabi/lib/thumb/v6-m/nofp/libg_nano.a(libc_a-reallocr.o)
 .debug_info    0x0001a12a      0x794 /home/nielscron/.local/share/stm32cube/bundles/gnu-tools-for-stm32/13.3.1+st.9/bin/../lib/gcc/arm-none-eabi/13.3.1/../../../../arm-none-eabi/lib/thumb/v6-m/nofp/libg_nano.a(libc_a-msizer.o)

.debug_abbrev   0x00000000     0x4db8
 .debug_abbrev  0x00000000      0x119 cmake/stm32cubemx/CMakeFiles/STM32_Drivers.dir/__/__/Core/Src/system_stm32g0xx.c.obj
 .debug_abbrev  0x00000119      0x293 cmake/stm32cubemx/CMakeFiles/STM32_Drivers.dir/__/__/Drivers/STM32G0xx_HAL_Driver/Src/stm32g0xx_hal_i2c.c.obj
 .debug_abbrev  0x000003ac      0x1e8 cmake/stm32cubemx/CMakeFiles/STM32_Drivers.dir/__/__/Drivers/STM32G0xx_HAL_Driver/Src/stm32g0xx_hal_i2c_ex.c.obj
 .debug_abbrev  0x00000594      0x2aa cmake/stm32cubemx/CMakeFiles/STM32_Drivers.dir/__/__/Drivers/STM32G0xx_HAL_Driver/Src/stm32g0xx_hal_rcc.c.obj
 .debug_abbrev  0x0000083e      0x229 cmake/stm32cubemx/CMakeFiles/STM32_Drivers.dir/__/__/Drivers/STM32G0xx_HAL_Driver/Src/stm32g0xx_hal_rcc_ex.c.obj
 .debug_abbrev  0x00000a67      0x1c8 cmake/stm32cubemx/CMakeFiles/STM32_Drivers.dir/__/__/Drivers/STM32G0xx_HAL_Driver/Src/stm32g0xx_hal_gpio.c.obj
 .debug_abbrev  0x00000c2f      0x172 cmake/stm32cubemx/CMakeFiles/STM32_Drivers.dir/__/__/Drivers/STM32G0xx_HAL_Driver/Src/stm32g0xx_hal_pwr.c.obj
 .debug_abbrev  0x00000da1      0x238 cmake/stm32cubemx/CMakeFiles/STM32_Drivers.dir/__/__/Drivers/STM32G0xx_HAL_Driver/Src/stm32g0xx_hal_pwr_ex.c.obj
 .debug_abbrev  0x00000fd9      0x2ab cmake/stm32cubemx/CMakeFiles/STM32_Drivers.dir/__/__/Drivers/STM32G0xx_HAL_Driver/Src/stm32g0xx_hal_cortex.c.obj
 .debug_abbrev  0x00001284      0x2b2 cmake/stm32cubemx/CMakeFiles/STM32_Drivers.dir/__/__/Drivers/STM32G0xx_HAL_Driver/Src/stm32g0xx_hal.c.obj
 .debug_abbrev  0x00001536      0x206 cmake/stm32cubemx/CMakeFiles/STM32_Drivers.dir/__/__/Drivers/STM32G0xx_HAL_Driver/Src/stm32g0xx_hal_rtc.c.obj
 .debug_abbrev  0x0000173c      0x24b cmake/stm32cubemx/CMakeFiles/STM32_Drivers.dir/__/__/Drivers/STM32G0xx_HAL_Driver/Src/stm32g0xx_hal_rtc_ex.c.obj
 .debug_abbrev  0x00001987      0x29a cmake/stm32cubemx/CMakeFiles/STM32_Drivers.dir/__/__/Drivers/STM32G0xx_HAL_Driver/Src/stm32g0xx_hal_tim.c.obj
 .debug_abbrev  0x00001c21      0x2aa cmake/stm32cubemx/CMakeFiles/STM32_Drivers.dir/__/__/Drivers/STM32G0xx_HAL_Driver/Src/stm32g0xx_hal_tim_ex.c.obj
 .debug_abbrev  0x00001ecb      0x39b CMakeFiles/nixie_clock_V2.dir/Core/Src/main.c.obj
 .debug_abbrev  0x00002266      0x1bd CMakeFiles/nixie_clock_V2.dir/Core/Src/stm32g0xx_it.c.obj
 .debug_abbrev  0x00002423      0x23d CMakeFiles/nixie_clock_V2.dir/Core/Src/stm32g0xx_hal_msp.c.obj
 .debug_abbrev  0x00002660       0xbc CMakeFiles/nixie_clock_V2.dir/Core/Src/sysmem.c.obj
 .debug_abbrev  0x0000271c       0x24 CMakeFiles/nixie_clock_V2.dir/startup_stm32g051xx.s.obj
 .debug_abbrev  0x00002740      0x367 CMakeFiles/nixie_clock_V2.dir/Drivers/ssd1306/ssd1306.c.obj
 .debug_abbrev  0x00002aa7       0xcc CMakeFiles/nixie_clock_V2.dir/Drivers/ssd1306/ssd1306_fonts.c.obj
 .debug_abbrev  0x00002b73      0x189 CMakeFiles/nixie_clock_V2.dir/Drivers/DHT22/dht22.c.obj
 .debug_abbrev  0x00002cfc      0x405 /home/nielscron/.local/share/stm32cube/bundles/gnu-tools-for-stm32/13.3.1+st.9/bin/../lib/gcc/arm-none-eabi/13.3.1/../../../../arm-none-eabi/lib/thumb/v6-m/nofp/libg_nano.a(libc_a-findfp.o)
 .debug_abbrev  0x00003101      0x21c /home/nielscron/.local/share/stm32cube/bundles/gnu-tools-for-stm32/13.3.1+st.9/bin/../lib/gcc/arm-none-eabi/13.3.1/../../../../arm-none-eabi/lib/thumb/v6-m/nofp/libg_nano.a(libc_a-sprintf.o)
 .debug_abbrev  0x0000331d       0x9e /home/nielscron/.local/share/stm32cube/bundles/gnu-tools-for-stm32/13.3.1+st.9/bin/../lib/gcc/arm-none-eabi/13.3.1/../../../../arm-none-eabi/lib/thumb/v6-m/nofp/libg_nano.a(libc_a-memset.o)
 .debug_abbrev  0x000033bb      0x1f4 /home/nielscron/.local/share/stm32cube/bundles/gnu-tools-for-stm32/13.3.1+st.9/bin/../lib/gcc/arm-none-eabi/13.3.1/../../../../arm-none-eabi/lib/thumb/v6-m/nofp/libg_nano.a(libc_a-reent.o)
 .debug_abbrev  0x000035af      0x149 /home/nielscron/.local/share/stm32cube/bundles/gnu-tools-for-stm32/13.3.1+st.9/bin/../lib/gcc/arm-none-eabi/13.3.1/../../../../arm-none-eabi/lib/thumb/v6-m/nofp/libg_nano.a(libc_a-impure.o)
 .debug_abbrev  0x000036f8      0x15e /home/nielscron/.local/share/stm32cube/bundles/gnu-tools-for-stm32/13.3.1+st.9/bin/../lib/gcc/arm-none-eabi/13.3.1/../../../../arm-none-eabi/lib/thumb/v6-m/nofp/libg_nano.a(libc_a-errno.o)
 .debug_abbrev  0x00003856       0xc9 /home/nielscron/.local/share/stm32cube/bundles/gnu-tools-for-stm32/13.3.1+st.9/bin/../lib/gcc/arm-none-eabi/13.3.1/../../../../arm-none-eabi/lib/thumb/v6-m/nofp/libg_nano.a(libc_a-init.o)
 .debug_abbrev  0x0000391f      0x115 /home/nielscron/.local/share/stm32cube/bundles/gnu-tools-for-stm32/13.3.1+st.9/bin/../lib/gcc/arm-none-eabi/13.3.1/../../../../arm-none-eabi/lib/thumb/v6-m/nofp/libg_nano.a(libc_a-lock.o)
 .debug_abbrev  0x00003a34       0xc1 /home/nielscron/.local/share/stm32cube/bundles/gnu-tools-for-stm32/13.3.1+st.9/bin/../lib/gcc/arm-none-eabi/13.3.1/../../../../arm-none-eabi/lib/thumb/v6-m/nofp/libg_nano.a(libc_a-memcpy-stub.o)
 .debug_abbrev  0x00003af5      0x233 /home/nielscron/.local/share/stm32cube/bundles/gnu-tools-for-stm32/13.3.1+st.9/bin/../lib/gcc/arm-none-eabi/13.3.1/../../../../arm-none-eabi/lib/thumb/v6-m/nofp/libg_nano.a(libc_a-freer.o)
 .debug_abbrev  0x00003d28      0x241 /home/nielscron/.local/share/stm32cube/bundles/gnu-tools-for-stm32/13.3.1+st.9/bin/../lib/gcc/arm-none-eabi/13.3.1/../../../../arm-none-eabi/lib/thumb/v6-m/nofp/libg_nano.a(libc_a-mallocr.o)
 .debug_abbrev  0x00003f69      0x1bc /home/nielscron/.local/share/stm32cube/bundles/gnu-tools-for-stm32/13.3.1+st.9/bin/../lib/gcc/arm-none-eabi/13.3.1/../../../../arm-none-eabi/lib/thumb/v6-m/nofp/libg_nano.a(libc_a-mlock.o)
 .debug_abbrev  0x00004125      0x31e /home/nielscron/.local/share/stm32cube/bundles/gnu-tools-for-stm32/13.3.1+st.9/bin/../lib/gcc/arm-none-eabi/13.3.1/../../../../arm-none-eabi/lib/thumb/v6-m/nofp/libg_nano.a(libc_a-nano-svfprintf.o)
 .debug_abbrev  0x00004443      0x29f /home/nielscron/.local/share/stm32cube/bundles/gnu-tools-for-stm32/13.3.1+st.9/bin/../lib/gcc/arm-none-eabi/13.3.1/../../../../arm-none-eabi/lib/thumb/v6-m/nofp/libg_nano.a(libc_a-nano-vfprintf_i.o)
 .debug_abbrev  0x000046e2       0xac /home/nielscron/.local/share/stm32cube/bundles/gnu-tools-for-stm32/13.3.1+st.9/bin/../lib/gcc/arm-none-eabi/13.3.1/../../../../arm-none-eabi/lib/thumb/v6-m/nofp/libg_nano.a(libc_a-memmove.o)
 .debug_abbrev  0x0000478e      0x1da /home/nielscron/.local/share/stm32cube/bundles/gnu-tools-for-stm32/13.3.1+st.9/bin/../lib/gcc/arm-none-eabi/13.3.1/../../../../arm-none-eabi/lib/thumb/v6-m/nofp/libg_nano.a(libc_a-sbrkr.o)
 .debug_abbrev  0x00004968       0xb1 /home/nielscron/.local/share/stm32cube/bundles/gnu-tools-for-stm32/13.3.1+st.9/bin/../lib/gcc/arm-none-eabi/13.3.1/../../../../arm-none-eabi/lib/thumb/v6-m/nofp/libg_nano.a(libc_a-memchr-stub.o)
 .debug_abbrev  0x00004a19      0x209 /home/nielscron/.local/share/stm32cube/bundles/gnu-tools-for-stm32/13.3.1+st.9/bin/../lib/gcc/arm-none-eabi/13.3.1/../../../../arm-none-eabi/lib/thumb/v6-m/nofp/libg_nano.a(libc_a-reallocr.o)
 .debug_abbrev  0x00004c22      0x196 /home/nielscron/.local/share/stm32cube/bundles/gnu-tools-for-stm32/13.3.1+st.9/bin/../lib/gcc/arm-none-eabi/13.3.1/../../../../arm-none-eabi/lib/thumb/v6-m/nofp/libg_nano.a(libc_a-msizer.o)

.debug_aranges  0x00000000     0x15d0
 .debug_aranges
                0x00000000       0x28 cmake/stm32cubemx/CMakeFiles/STM32_Drivers.dir/__/__/Core/Src/system_stm32g0xx.c.obj
 .debug_aranges
                0x00000028      0x2a0 cmake/stm32cubemx/CMakeFiles/STM32_Drivers.dir/__/__/Drivers/STM32G0xx_HAL_Driver/Src/stm32g0xx_hal_i2c.c.obj
 .debug_aranges
                0x000002c8       0x48 cmake/stm32cubemx/CMakeFiles/STM32_Drivers.dir/__/__/Drivers/STM32G0xx_HAL_Driver/Src/stm32g0xx_hal_i2c_ex.c.obj
 .debug_aranges
                0x00000310       0xa0 cmake/stm32cubemx/CMakeFiles/STM32_Drivers.dir/__/__/Drivers/STM32G0xx_HAL_Driver/Src/stm32g0xx_hal_rcc.c.obj
 .debug_aranges
                0x000003b0       0x40 cmake/stm32cubemx/CMakeFiles/STM32_Drivers.dir/__/__/Drivers/STM32G0xx_HAL_Driver/Src/stm32g0xx_hal_rcc_ex.c.obj
 .debug_aranges
                0x000003f0       0x60 cmake/stm32cubemx/CMakeFiles/STM32_Drivers.dir/__/__/Drivers/STM32G0xx_HAL_Driver/Src/stm32g0xx_hal_gpio.c.obj
 .debug_aranges
                0x00000450       0x78 cmake/stm32cubemx/CMakeFiles/STM32_Drivers.dir/__/__/Drivers/STM32G0xx_HAL_Driver/Src/stm32g0xx_hal_pwr.c.obj
 .debug_aranges
                0x000004c8       0xf0 cmake/stm32cubemx/CMakeFiles/STM32_Drivers.dir/__/__/Drivers/STM32G0xx_HAL_Driver/Src/stm32g0xx_hal_pwr_ex.c.obj
 .debug_aranges
                0x000005b8       0xe8 cmake/stm32cubemx/CMakeFiles/STM32_Drivers.dir/__/__/Drivers/STM32G0xx_HAL_Driver/Src/stm32g0xx_hal_cortex.c.obj
 .debug_aranges
                0x000006a0      0x128 cmake/stm32cubemx/CMakeFiles/STM32_Drivers.dir/__/__/Drivers/STM32G0xx_HAL_Driver/Src/stm32g0xx_hal.c.obj
 .debug_aranges
                0x000007c8       0xe8 cmake/stm32cubemx/CMakeFiles/STM32_Drivers.dir/__/__/Drivers/STM32G0xx_HAL_Driver/Src/stm32g0xx_hal_rtc.c.obj
 .debug_aranges
                0x000008b0      0x170 cmake/stm32cubemx/CMakeFiles/STM32_Drivers.dir/__/__/Drivers/STM32G0xx_HAL_Driver/Src/stm32g0xx_hal_rtc_ex.c.obj
 .debug_aranges
                0x00000a20      0x3e0 cmake/stm32cubemx/CMakeFiles/STM32_Drivers.dir/__/__/Drivers/STM32G0xx_HAL_Driver/Src/stm32g0xx_hal_tim.c.obj
 .debug_aranges
                0x00000e00      0x198 cmake/stm32cubemx/CMakeFiles/STM32_Drivers.dir/__/__/Drivers/STM32G0xx_HAL_Driver/Src/stm32g0xx_hal_tim_ex.c.obj
 .debug_aranges
                0x00000f98       0xf0 CMakeFiles/nixie_clock_V2.dir/Core/Src/main.c.obj
 .debug_aranges
                0x00001088       0x58 CMakeFiles/nixie_clock_V2.dir/Core/Src/stm32g0xx_it.c.obj
 .debug_aranges
                0x000010e0       0x50 CMakeFiles/nixie_clock_V2.dir/Core/Src/stm32g0xx_hal_msp.c.obj
 .debug_aranges
                0x00001130       0x20 CMakeFiles/nixie_clock_V2.dir/Core/Src/sysmem.c.obj
 .debug_aranges
                0x00001150       0x28 CMakeFiles/nixie_clock_V2.dir/startup_stm32g051xx.s.obj
 .debug_aranges
                0x00001178       0xe8 CMakeFiles/nixie_clock_V2.dir/Drivers/ssd1306/ssd1306.c.obj
 .debug_aranges
                0x00001260       0x18 CMakeFiles/nixie_clock_V2.dir/Drivers/ssd1306/ssd1306_fonts.c.obj
 .debug_aranges
                0x00001278       0x30 CMakeFiles/nixie_clock_V2.dir/Drivers/DHT22/dht22.c.obj
 .debug_aranges